main.c:110:5:main	136	static
main.c:205:6:SystemClock_Config	88	static
main.c:250:13:MX_ADC3_Init	24	static
main.c:300:13:MX_RTC_Init	8	static
main.c:334:13:MX_USART3_UART_Init	8	static
main.c:367:13:MX_USB_OTG_FS_PCD_Init	8	static
main.c:400:13:MX_DMA_Init	16	static
main.c:418:13:MX_GPIO_Init	56	static
main.c:512:6:HAL_ADC_ConvHalfCpltCallback	32	static
main.c:554:6:HAL_ADC_ConvCpltCallback	32	static
main.c:593:6:HAL_UART_TxCpltCallback	16	static
main.c:599:6:HAL_UART_RxCpltCallback	24	static
main.c:634:6:StartDefaultTask	16	static
main.c:654:6:UART_Send	16	static
main.c:679:6:ADC_Task	16	static
main.c:699:6:Read_Data	16	static
main.c:722:6:Error_Handler	4	static,ignoring_inline_asm
