Archive member included to satisfy reference by file (symbol)

/Users/vitorsaraiva/Desktop/LASET/More_Tests/More_Tests_v5/Middlewares/ST/ARM/DSP/Lib/libarm_cortexM4lf_math.a(arm_fir_init_f32.o)
                              ./Core/Src/main.o (arm_fir_init_f32)
/Users/vitorsaraiva/Desktop/LASET/More_Tests/More_Tests_v5/Middlewares/ST/ARM/DSP/Lib/libarm_cortexM4lf_math.a(arm_fir_f32.o)
                              ./Core/Src/main.o (arm_fir_f32)
/Applications/STM32CubeIDE.app/Contents/Eclipse/plugins/com.st.stm32cube.ide.mcu.externaltools.gnu-tools-for-stm32.9-2020-q2-update.macos64_2.0.0.202105311346/tools/bin/../lib/gcc/arm-none-eabi/9.3.1/../../../../arm-none-eabi/lib/thumb/v7e-m+fp/hard/libc_nano.a(lib_a-errno.o)
                              ./Core/Src/syscalls.o (__errno)
/Applications/STM32CubeIDE.app/Contents/Eclipse/plugins/com.st.stm32cube.ide.mcu.externaltools.gnu-tools-for-stm32.9-2020-q2-update.macos64_2.0.0.202105311346/tools/bin/../lib/gcc/arm-none-eabi/9.3.1/../../../../arm-none-eabi/lib/thumb/v7e-m+fp/hard/libc_nano.a(lib_a-exit.o)
                              /Applications/STM32CubeIDE.app/Contents/Eclipse/plugins/com.st.stm32cube.ide.mcu.externaltools.gnu-tools-for-stm32.9-2020-q2-update.macos64_2.0.0.202105311346/tools/bin/../lib/gcc/arm-none-eabi/9.3.1/../../../../arm-none-eabi/lib/thumb/v7e-m+fp/hard/crt0.o (exit)
/Applications/STM32CubeIDE.app/Contents/Eclipse/plugins/com.st.stm32cube.ide.mcu.externaltools.gnu-tools-for-stm32.9-2020-q2-update.macos64_2.0.0.202105311346/tools/bin/../lib/gcc/arm-none-eabi/9.3.1/../../../../arm-none-eabi/lib/thumb/v7e-m+fp/hard/libc_nano.a(lib_a-findfp.o)
                              ./Middlewares/Third_Party/FreeRTOS/Source/tasks.o (__sf_fake_stderr)
/Applications/STM32CubeIDE.app/Contents/Eclipse/plugins/com.st.stm32cube.ide.mcu.externaltools.gnu-tools-for-stm32.9-2020-q2-update.macos64_2.0.0.202105311346/tools/bin/../lib/gcc/arm-none-eabi/9.3.1/../../../../arm-none-eabi/lib/thumb/v7e-m+fp/hard/libc_nano.a(lib_a-fwalk.o)
                              /Applications/STM32CubeIDE.app/Contents/Eclipse/plugins/com.st.stm32cube.ide.mcu.externaltools.gnu-tools-for-stm32.9-2020-q2-update.macos64_2.0.0.202105311346/tools/bin/../lib/gcc/arm-none-eabi/9.3.1/../../../../arm-none-eabi/lib/thumb/v7e-m+fp/hard/libc_nano.a(lib_a-findfp.o) (_fwalk)
/Applications/STM32CubeIDE.app/Contents/Eclipse/plugins/com.st.stm32cube.ide.mcu.externaltools.gnu-tools-for-stm32.9-2020-q2-update.macos64_2.0.0.202105311346/tools/bin/../lib/gcc/arm-none-eabi/9.3.1/../../../../arm-none-eabi/lib/thumb/v7e-m+fp/hard/libc_nano.a(lib_a-impure.o)
                              /Applications/STM32CubeIDE.app/Contents/Eclipse/plugins/com.st.stm32cube.ide.mcu.externaltools.gnu-tools-for-stm32.9-2020-q2-update.macos64_2.0.0.202105311346/tools/bin/../lib/gcc/arm-none-eabi/9.3.1/../../../../arm-none-eabi/lib/thumb/v7e-m+fp/hard/libc_nano.a(lib_a-exit.o) (_global_impure_ptr)
/Applications/STM32CubeIDE.app/Contents/Eclipse/plugins/com.st.stm32cube.ide.mcu.externaltools.gnu-tools-for-stm32.9-2020-q2-update.macos64_2.0.0.202105311346/tools/bin/../lib/gcc/arm-none-eabi/9.3.1/../../../../arm-none-eabi/lib/thumb/v7e-m+fp/hard/libc_nano.a(lib_a-init.o)
                              /Applications/STM32CubeIDE.app/Contents/Eclipse/plugins/com.st.stm32cube.ide.mcu.externaltools.gnu-tools-for-stm32.9-2020-q2-update.macos64_2.0.0.202105311346/tools/bin/../lib/gcc/arm-none-eabi/9.3.1/../../../../arm-none-eabi/lib/thumb/v7e-m+fp/hard/crt0.o (__libc_init_array)
/Applications/STM32CubeIDE.app/Contents/Eclipse/plugins/com.st.stm32cube.ide.mcu.externaltools.gnu-tools-for-stm32.9-2020-q2-update.macos64_2.0.0.202105311346/tools/bin/../lib/gcc/arm-none-eabi/9.3.1/../../../../arm-none-eabi/lib/thumb/v7e-m+fp/hard/libc_nano.a(lib_a-lock.o)
                              /Applications/STM32CubeIDE.app/Contents/Eclipse/plugins/com.st.stm32cube.ide.mcu.externaltools.gnu-tools-for-stm32.9-2020-q2-update.macos64_2.0.0.202105311346/tools/bin/../lib/gcc/arm-none-eabi/9.3.1/../../../../arm-none-eabi/lib/thumb/v7e-m+fp/hard/libc_nano.a(lib_a-findfp.o) (__retarget_lock_init_recursive)
/Applications/STM32CubeIDE.app/Contents/Eclipse/plugins/com.st.stm32cube.ide.mcu.externaltools.gnu-tools-for-stm32.9-2020-q2-update.macos64_2.0.0.202105311346/tools/bin/../lib/gcc/arm-none-eabi/9.3.1/../../../../arm-none-eabi/lib/thumb/v7e-m+fp/hard/libc_nano.a(lib_a-memcpy-stub.o)
                              ./Middlewares/Third_Party/FreeRTOS/Source/queue.o (memcpy)
/Applications/STM32CubeIDE.app/Contents/Eclipse/plugins/com.st.stm32cube.ide.mcu.externaltools.gnu-tools-for-stm32.9-2020-q2-update.macos64_2.0.0.202105311346/tools/bin/../lib/gcc/arm-none-eabi/9.3.1/../../../../arm-none-eabi/lib/thumb/v7e-m+fp/hard/libc_nano.a(lib_a-memset.o)
[...]
Memory Configuration

Name             Origin             Length             Attributes
CCMRAM           0x0000000010000000 0x0000000000010000 xrw
RAM              0x0000000020000000 0x0000000000030000 xrw
FLASH            0x0000000008000000 0x0000000000200000 xr
*default*        0x0000000000000000 0xffffffffffffffff

Linker script and memory map

LOAD /Applications/STM32CubeIDE.app/Contents/Eclipse/plugins/com.st.stm32cube.ide.mcu.externaltools.gnu-tools-for-stm32.9-2020-q2-update.macos64_2.0.0.202105311346/tools/bin/../lib/gcc/arm-none-eabi/9.3.1/thumb/v7e-m+fp/hard/crti.o
LOAD /Applications/STM32CubeIDE.app/Contents/Eclipse/plugins/com.st.stm32cube.ide.mcu.externaltools.gnu-tools-for-stm32.9-2020-q2-update.macos64_2.0.0.202105311346/tools/bin/../lib/gcc/arm-none-eabi/9.3.1/thumb/v7e-m+fp/hard/crtbegin.o
LOAD /Applications/STM32CubeIDE.app/Contents/Eclipse/plugins/com.st.stm32cube.ide.mcu.externaltools.gnu-tools-for-stm32.9-2020-q2-update.macos64_2.0.0.202105311346/tools/bin/../lib/gcc/arm-none-eabi/9.3.1/../../../../arm-none-eabi/lib/thumb/v7e-m+fp/hard/crt0.o
LOAD ./Core/Src/freertos.o
LOAD ./Core/Src/main.o
LOAD ./Core/Src/stm32f4xx_hal_msp.o
LOAD ./Core/Src/stm32f4xx_it.o
LOAD ./Core/Src/syscalls.o
LOAD ./Core/Src/sysmem.o
LOAD ./Core/Src/system_stm32f4xx.o
LOAD ./Core/Startup/startup_stm32f439zitx.o
LOAD ./Drivers/STM32F4xx_HAL_Driver/Src/stm32f4xx_hal.o
LOAD ./Drivers/STM32F4xx_HAL_Driver/Src/stm32f4xx_hal_adc.o
LOAD ./Drivers/STM32F4xx_HAL_Driver/Src/stm32f4xx_hal_adc_ex.o
LOAD ./Drivers/STM32F4xx_HAL_Driver/Src/stm32f4xx_hal_cortex.o
LOAD ./Drivers/STM32F4xx_HAL_Driver/Src/stm32f4xx_hal_dma.o
LOAD ./Drivers/STM32F4xx_HAL_Driver/Src/stm32f4xx_hal_dma_ex.o
LOAD ./Drivers/STM32F4xx_HAL_Driver/Src/stm32f4xx_hal_exti.o
LOAD ./Drivers/STM32F4xx_HAL_Driver/Src/stm32f4xx_hal_flash.o
LOAD ./Drivers/STM32F4xx_HAL_Driver/Src/stm32f4xx_hal_flash_ex.o
LOAD ./Drivers/STM32F4xx_HAL_Driver/Src/stm32f4xx_hal_flash_ramfunc.o
LOAD ./Drivers/STM32F4xx_HAL_Driver/Src/stm32f4xx_hal_gpio.o
LOAD ./Drivers/STM32F4xx_HAL_Driver/Src/stm32f4xx_hal_pcd.o
LOAD ./Drivers/STM32F4xx_HAL_Driver/Src/stm32f4xx_hal_pcd_ex.o
LOAD ./Drivers/STM32F4xx_HAL_Driver/Src/stm32f4xx_hal_pwr.o
LOAD ./Drivers/STM32F4xx_HAL_Driver/Src/stm32f4xx_hal_pwr_ex.o
LOAD ./Drivers/STM32F4xx_HAL_Driver/Src/stm32f4xx_hal_rcc.o
LOAD ./Drivers/STM32F4xx_HAL_Driver/Src/stm32f4xx_hal_rcc_ex.o
LOAD ./Drivers/STM32F4xx_HAL_Driver/Src/stm32f4xx_hal_rtc.o
LOAD ./Drivers/STM32F4xx_HAL_Driver/Src/stm32f4xx_hal_rtc_ex.o
LOAD ./Drivers/STM32F4xx_HAL_Driver/Src/stm32f4xx_hal_tim.o
LOAD ./Drivers/STM32F4xx_HAL_Driver/Src/stm32f4xx_hal_tim_ex.o
LOAD ./Drivers/STM32F4xx_HAL_Driver/Src/stm32f4xx_hal_uart.o
LOAD ./Drivers/STM32F4xx_HAL_Driver/Src/stm32f4xx_ll_adc.o
LOAD ./Drivers/STM32F4xx_HAL_Driver/Src/stm32f4xx_ll_usb.o
LOAD ./Middlewares/Third_Party/FreeRTOS/Source/CMSIS_RTOS/cmsis_os.o
LOAD ./Middlewares/Third_Party/FreeRTOS/Source/croutine.o
LOAD ./Middlewares/Third_Party/FreeRTOS/Source/event_groups.o
LOAD ./Middlewares/Third_Party/FreeRTOS/Source/list.o
LOAD ./Middlewares/Third_Party/FreeRTOS/Source/queue.o
LOAD ./Middlewares/Third_Party/FreeRTOS/Source/stream_buffer.o
LOAD ./Middlewares/Third_Party/FreeRTOS/Source/tasks.o
LOAD ./Middlewares/Third_Party/FreeRTOS/Source/timers.o
LOAD ./Middlewares/Third_Party/FreeRTOS/Source/portable/GCC/ARM_CM4F/port.o
LOAD ./Middlewares/Third_Party/FreeRTOS/Source/portable/MemMang/heap_4.o
LOAD /Users/vitorsaraiva/Desktop/LASET/More_Tests/More_Tests_v5/Middlewares/ST/ARM/DSP/Lib/libarm_cortexM4lf_math.a
START GROUP
LOAD /Applications/STM32CubeIDE.app/Contents/Eclipse/plugins/com.st.stm32cube.ide.mcu.externaltools.gnu-tools-for-stm32.9-2020-q2-update.macos64_2.0.0.202105311346/tools/bin/../lib/gcc/arm-none-eabi/9.3.1/../../../../arm-none-eabi/lib/thumb/v7e-m+fp/hard/libstdc++_nano.a
LOAD /Applications/STM32CubeIDE.app/Contents/Eclipse/plugins/com.st.stm32cube.ide.mcu.externaltools.gnu-tools-for-stm32.9-2020-q2-update.macos64_2.0.0.202105311346/tools/bin/../lib/gcc/arm-none-eabi/9.3.1/../../../../arm-none-eabi/lib/thumb/v7e-m+fp/hard/libsupc++_nano.a
END GROUP
LOAD /Applications/STM32CubeIDE.app/Contents/Eclipse/plugins/com.st.stm32cube.ide.mcu.externaltools.gnu-tools-for-stm32.9-2020-q2-update.macos64_2.0.0.202105311346/tools/bin/../lib/gcc/arm-none-eabi/9.3.1/../../../../arm-none-eabi/lib/thumb/v7e-m+fp/hard/libstdc++_nano.a
LOAD /Applications/STM32CubeIDE.app/Contents/Eclipse/plugins/com.st.stm32cube.ide.mcu.externaltools.gnu-tools-for-stm32.9-2020-q2-update.macos64_2.0.0.202105311346/tools/bin/../lib/gcc/arm-none-eabi/9.3.1/../../../../arm-none-eabi/lib/thumb/v7e-m+fp/hard/libm.a
LOAD /Applications/STM32CubeIDE.app/Contents/Eclipse/plugins/com.st.stm32cube.ide.mcu.externaltools.gnu-tools-for-stm32.9-2020-q2-update.macos64_2.0.0.202105311346/tools/bin/../lib/gcc/arm-none-eabi/9.3.1/../../../../arm-none-eabi/lib/thumb/v7e-m+fp/hard/libc_nano.a
START GROUP
LOAD /Applications/STM32CubeIDE.app/Contents/Eclipse/plugins/com.st.stm32cube.ide.mcu.externaltools.gnu-tools-for-stm32.9-2020-q2-update.macos64_2.0.0.202105311346/tools/bin/../lib/gcc/arm-none-eabi/9.3.1/thumb/v7e-m+fp/hard/libgcc.a
LOAD /Applications/STM32CubeIDE.app/Contents/Eclipse/plugins/com.st.stm32cube.ide.mcu.externaltools.gnu-tools-for-stm32.9-2020-q2-update.macos64_2.0.0.202105311346/tools/bin/../lib/gcc/arm-none-eabi/9.3.1/../../../../arm-none-eabi/lib/thumb/v7e-m+fp/hard/libc_nano.a
END GROUP
START GROUP
LOAD /Applications/STM32CubeIDE.app/Contents/Eclipse/plugins/com.st.stm32cube.ide.mcu.externaltools.gnu-tools-for-stm32.9-2020-q2-update.macos64_2.0.0.202105311346/tools/bin/../lib/gcc/arm-none-eabi/9.3.1/thumb/v7e-m+fp/hard/libgcc.a
LOAD /Applications/STM32CubeIDE.app/Contents/Eclipse/plugins/com.st.stm32cube.ide.mcu.externaltools.gnu-tools-for-stm32.9-2020-q2-update.macos64_2.0.0.202105311346/tools/bin/../lib/gcc/arm-none-eabi/9.3.1/../../../../arm-none-eabi/lib/thumb/v7e-m+fp/hard/libc_nano.a
LOAD /Applications/STM32CubeIDE.app/Contents/Eclipse/plugins/com.st.stm32cube.ide.mcu.externaltools.gnu-tools-for-stm32.9-2020-q2-update.macos64_2.0.0.202105311346/tools/bin/../lib/gcc/arm-none-eabi/9.3.1/../../../../arm-none-eabi/lib/thumb/v7e-m+fp/hard/libnosys.a
END GROUP
START GROUP
LOAD /Applications/STM32CubeIDE.app/Contents/Eclipse/plugins/com.st.stm32cube.ide.mcu.externaltools.gnu-tools-for-stm32.9-2020-q2-update.macos64_2.0.0.202105311346/tools/bin/../lib/gcc/arm-none-eabi/9.3.1/thumb/v7e-m+fp/hard/libgcc.a
LOAD /Applications/STM32CubeIDE.app/Contents/Eclipse/plugins/com.st.stm32cube.ide.mcu.externaltools.gnu-tools-for-stm32.9-2020-q2-update.macos64_2.0.0.202105311346/tools/bin/../lib/gcc/arm-none-eabi/9.3.1/../../../../arm-none-eabi/lib/thumb/v7e-m+fp/hard/libc_nano.a
LOAD /Applications/STM32CubeIDE.app/Contents/Eclipse/plugins/com.st.stm32cube.ide.mcu.externaltools.gnu-tools-for-stm32.9-2020-q2-update.macos64_2.0.0.202105311346/tools/bin/../lib/gcc/arm-none-eabi/9.3.1/../../../../arm-none-eabi/lib/thumb/v7e-m+fp/hard/libnosys.a
END GROUP
LOAD /Applications/STM32CubeIDE.app/Contents/Eclipse/plugins/com.st.stm32cube.ide.mcu.externaltools.gnu-tools-for-stm32.9-2020-q2-update.macos64_2.0.0.202105311346/tools/bin/../lib/gcc/arm-none-eabi/9.3.1/thumb/v7e-m+fp/hard/crtend.o
LOAD /Applications/STM32CubeIDE.app/Contents/Eclipse/plugins/com.st.stm32cube.ide.mcu.externaltools.gnu-tools-for-stm32.9-2020-q2-update.macos64_2.0.0.202105311346/tools/bin/../lib/gcc/arm-none-eabi/9.3.1/thumb/v7e-m+fp/hard/crtn.o
                0x0000000020030000                _estack = (ORIGIN (RAM) + LENGTH (RAM))
                0x0000000000000200                _Min_Heap_Size = 0x200
                0x0000000000000400                _Min_Stack_Size = 0x400

.isr_vector     0x0000000008000000      0x1ac
                0x0000000008000000                . = ALIGN (0x4)
 *(.isr_vector)
 .isr_vector    0x0000000008000000      0x1ac ./Core/Startup/startup_stm32f439zitx.o
                0x0000000008000000                g_pfnVectors
                0x00000000080001ac                . = ALIGN (0x4)

.text           0x00000000080001b0     0x7288
                0x00000000080001b0                . = ALIGN (0x4)
 *(.text)
 .text          0x00000000080001b0       0x40 /Applications/STM32CubeIDE.app/Contents/Eclipse/plugins/com.st.stm32cube.ide.mcu.externaltools.gnu-tools-for-stm32.9-2020-q2-update.macos64_2.0.0.202105311346/tools/bin/../lib/gcc/arm-none-eabi/9.3.1/thumb/v7e-m+fp/hard/crtbegin.o
 .text          0x00000000080001f0       0x30 /Applications/STM32CubeIDE.app/Contents/Eclipse/plugins/com.st.stm32cube.ide.mcu.externaltools.gnu-tools-for-stm32.9-2020-q2-update.macos64_2.0.0.202105311346/tools/bin/../lib/gcc/arm-none-eabi/9.3.1/thumb/v7e-m+fp/hard/libgcc.a(_aeabi_uldivmod.o)
                0x00000000080001f0                __aeabi_uldivmod
 .text          0x0000000008000220      0x2c4 /Applications/STM32CubeIDE.app/Contents/Eclipse/plugins/com.st.stm32cube.ide.mcu.externaltools.gnu-tools-for-stm32.9-2020-q2-update.macos64_2.0.0.202105311346/tools/bin/../lib/gcc/arm-none-eabi/9.3.1/thumb/v7e-m+fp/hard/libgcc.a(_udivmoddi4.o)
                0x0000000008000220                __udivmoddi4
 .text          0x00000000080004e4        0x4 /Applications/STM32CubeIDE.app/Contents/Eclipse/plugins/com.st.stm32cube.ide.mcu.externaltools.gnu-tools-for-stm32.9-2020-q2-update.macos64_2.0.0.202105311346/tools/bin/../lib/gcc/arm-none-eabi/9.3.1/thumb/v7e-m+fp/hard/libgcc.a(_dvmd_tls.o)
                0x00000000080004e4                __aeabi_ldiv0
                0x00000000080004e4                __aeabi_idiv0
 *(.text*)
 .text.vApplicationGetIdleTaskMemory
                0x00000000080004e8       0x34 ./Core/Src/freertos.o
                0x00000000080004e8                vApplicationGetIdleTaskMemory
 .text.main     0x000000000800051c      0x124 ./Core/Src/main.o
                0x000000000800051c                main
 .text.SystemClock_Config
                0x0000000008000640       0xdc ./Core/Src/main.o
                0x0000000008000640                SystemClock_Config
 .text.MX_ADC3_Init
                0x000000000800071c       0xa4 ./Core/Src/main.o
 .text.MX_RTC_Init
                0x00000000080007c0       0x4c ./Core/Src/main.o
 .text.MX_USART3_UART_Init
                0x000000000800080c       0x54 ./Core/Src/main.o
 .text.MX_USB_OTG_FS_PCD_Init
                0x0000000008000860       0x5c ./Core/Src/main.o
 .text.MX_DMA_Init
                0x00000000080008bc       0x40 ./Core/Src/main.o
 .text.MX_GPIO_Init
                0x00000000080008fc      0x238 ./Core/Src/main.o
 .text.HAL_ADC_ConvHalfCpltCallback
                0x0000000008000b34      0x11c ./Core/Src/main.o
                0x0000000008000b34                HAL_ADC_ConvHalfCpltCallback
 .text.HAL_ADC_ConvCpltCallback
                0x0000000008000c50      0x128 ./Core/Src/main.o
                0x0000000008000c50                HAL_ADC_ConvCpltCallback
 .text.HAL_UART_TxCpltCallback
                0x0000000008000d78       0x14 ./Core/Src/main.o
                0x0000000008000d78                HAL_UART_TxCpltCallback
 .text.HAL_UART_RxCpltCallback
                0x0000000008000d8c       0x44 ./Core/Src/main.o
                0x0000000008000d8c                HAL_UART_RxCpltCallback
 .text.StartDefaultTask
                0x0000000008000dd0       0x28 ./Core/Src/main.o
                0x0000000008000dd0                StartDefaultTask
 .text.UART_Send
                0x0000000008000df8       0x10 ./Core/Src/main.o
                0x0000000008000df8                UART_Send
 .text.ADC_Task
                0x0000000008000e08       0x2c ./Core/Src/main.o
                0x0000000008000e08                ADC_Task
 .text.Read_Data
                0x0000000008000e34       0x24 ./Core/Src/main.o
                0x0000000008000e34                Read_Data
 .text.Error_Handler
                0x0000000008000e58        0xa ./Core/Src/main.o
                0x0000000008000e58                Error_Handler
 *fill*         0x0000000008000e62        0x2 
 .text.HAL_MspInit
                0x0000000008000e64       0x58 ./Core/Src/stm32f4xx_hal_msp.o
                0x0000000008000e64                HAL_MspInit
 .text.HAL_ADC_MspInit
                0x0000000008000ebc       0xf4 ./Core/Src/stm32f4xx_hal_msp.o
                0x0000000008000ebc                HAL_ADC_MspInit
 .text.HAL_RTC_MspInit
                0x0000000008000fb0       0x54 ./Core/Src/stm32f4xx_hal_msp.o
                0x0000000008000fb0                HAL_RTC_MspInit
 .text.HAL_UART_MspInit
                0x0000000008001004       0xa0 ./Core/Src/stm32f4xx_hal_msp.o
                0x0000000008001004                HAL_UART_MspInit
 .text.HAL_PCD_MspInit
                0x00000000080010a4       0xb4 ./Core/Src/stm32f4xx_hal_msp.o
                0x00000000080010a4                HAL_PCD_MspInit
 .text.NMI_Handler
                0x0000000008001158        0x6 ./Core/Src/stm32f4xx_it.o
                0x0000000008001158                NMI_Handler
 .text.HardFault_Handler
                0x000000000800115e        0x6 ./Core/Src/stm32f4xx_it.o
                0x000000000800115e                HardFault_Handler
 .text.MemManage_Handler
                0x0000000008001164        0x6 ./Core/Src/stm32f4xx_it.o
                0x0000000008001164                MemManage_Handler
 .text.BusFault_Handler
                0x000000000800116a        0x6 ./Core/Src/stm32f4xx_it.o
                0x000000000800116a                BusFault_Handler
 .text.UsageFault_Handler
                0x0000000008001170        0x6 ./Core/Src/stm32f4xx_it.o
                0x0000000008001170                UsageFault_Handler
 .text.DebugMon_Handler
                0x0000000008001176        0xe ./Core/Src/stm32f4xx_it.o
                0x0000000008001176                DebugMon_Handler
 .text.SysTick_Handler
                0x0000000008001184       0x1a ./Core/Src/stm32f4xx_it.o
                0x0000000008001184                SysTick_Handler
 *fill*         0x000000000800119e        0x2 
 .text.USART3_IRQHandler
                0x00000000080011a0       0x20 ./Core/Src/stm32f4xx_it.o
                0x00000000080011a0                USART3_IRQHandler
 .text.DMA2_Stream0_IRQHandler
                0x00000000080011c0       0x14 ./Core/Src/stm32f4xx_it.o
                0x00000000080011c0                DMA2_Stream0_IRQHandler
 .text.SystemInit
                0x00000000080011d4       0x24 ./Core/Src/system_stm32f4xx.o
                0x00000000080011d4                SystemInit
 .text.Reset_Handler
                0x00000000080011f8       0x50 ./Core/Startup/startup_stm32f439zitx.o
                0x00000000080011f8                Reset_Handler
 .text.Default_Handler
                0x0000000008001248        0x2 ./Core/Startup/startup_stm32f439zitx.o
                0x0000000008001248                DMA1_Stream3_IRQHandler
                0x0000000008001248                HASH_RNG_IRQHandler
                0x0000000008001248                EXTI2_IRQHandler
                0x0000000008001248                TIM8_CC_IRQHandler
                0x0000000008001248                UART8_IRQHandler
                0x0000000008001248                SPI4_IRQHandler
                0x0000000008001248                TIM1_CC_IRQHandler
                0x0000000008001248                DMA2_Stream5_IRQHandler
                0x0000000008001248                DMA1_Stream5_IRQHandler
                0x0000000008001248                PVD_IRQHandler
                0x0000000008001248                SDIO_IRQHandler
                0x0000000008001248                TAMP_STAMP_IRQHandler
                0x0000000008001248                CAN2_RX1_IRQHandler
                0x0000000008001248                EXTI3_IRQHandler
                0x0000000008001248                TIM8_TRG_COM_TIM14_IRQHandler
                0x0000000008001248                TIM1_UP_TIM10_IRQHandler
                0x0000000008001248                TIM8_UP_TIM13_IRQHandler
                0x0000000008001248                I2C3_ER_IRQHandler
                0x0000000008001248                EXTI0_IRQHandler
                0x0000000008001248                I2C2_EV_IRQHandler
                0x0000000008001248                DMA1_Stream2_IRQHandler
                0x0000000008001248                CAN1_RX0_IRQHandler
                0x0000000008001248                FPU_IRQHandler
                0x0000000008001248                OTG_HS_WKUP_IRQHandler
                0x0000000008001248                LTDC_ER_IRQHandler
                0x0000000008001248                CAN2_SCE_IRQHandler
                0x0000000008001248                DMA2_Stream2_IRQHandler
                0x0000000008001248                SPI1_IRQHandler
                0x0000000008001248                TIM6_DAC_IRQHandler
                0x0000000008001248                TIM1_BRK_TIM9_IRQHandler
                0x0000000008001248                DCMI_IRQHandler
                0x0000000008001248                CAN2_RX0_IRQHandler
                0x0000000008001248                DMA2_Stream3_IRQHandler
                0x0000000008001248                USART6_IRQHandler
                0x0000000008001248                CRYP_IRQHandler
                0x0000000008001248                CAN1_RX1_IRQHandler
                0x0000000008001248                UART5_IRQHandler
                0x0000000008001248                TIM4_IRQHandler
                0x0000000008001248                I2C1_EV_IRQHandler
                0x0000000008001248                DMA1_Stream6_IRQHandler
                0x0000000008001248                DMA1_Stream1_IRQHandler
                0x0000000008001248                UART4_IRQHandler
                0x0000000008001248                TIM3_IRQHandler
                0x0000000008001248                RCC_IRQHandler
                0x0000000008001248                TIM8_BRK_TIM12_IRQHandler
                0x0000000008001248                Default_Handler
                0x0000000008001248                EXTI15_10_IRQHandler
                0x0000000008001248                ADC_IRQHandler
                0x0000000008001248                DMA1_Stream7_IRQHandler
                0x0000000008001248                SPI5_IRQHandler
                0x0000000008001248                TIM7_IRQHandler
                0x0000000008001248                CAN2_TX_IRQHandler
                0x0000000008001248                TIM5_IRQHandler
                0x0000000008001248                DMA2_Stream7_IRQHandler
                0x0000000008001248                I2C3_EV_IRQHandler
                0x0000000008001248                EXTI9_5_IRQHandler
                0x0000000008001248                RTC_WKUP_IRQHandler
                0x0000000008001248                LTDC_IRQHandler
                0x0000000008001248                ETH_WKUP_IRQHandler
                0x0000000008001248                SPI2_IRQHandler
                0x0000000008001248                OTG_HS_EP1_IN_IRQHandler
                0x0000000008001248                DMA1_Stream0_IRQHandler
                0x0000000008001248                CAN1_TX_IRQHandler
                0x0000000008001248                EXTI4_IRQHandler
                0x0000000008001248                ETH_IRQHandler
                0x0000000008001248                OTG_HS_EP1_OUT_IRQHandler
                0x0000000008001248                WWDG_IRQHandler
                0x0000000008001248                SPI6_IRQHandler
                0x0000000008001248                TIM2_IRQHandler
                0x0000000008001248                OTG_FS_WKUP_IRQHandler
                0x0000000008001248                TIM1_TRG_COM_TIM11_IRQHandler
                0x0000000008001248                OTG_HS_IRQHandler
                0x0000000008001248                DMA2D_IRQHandler
                0x0000000008001248                EXTI1_IRQHandler
                0x0000000008001248                UART7_IRQHandler
                0x0000000008001248                USART2_IRQHandler
                0x0000000008001248                I2C2_ER_IRQHandler
                0x0000000008001248                DMA2_Stream1_IRQHandler
                0x0000000008001248                CAN1_SCE_IRQHandler
                0x0000000008001248                FLASH_IRQHandler
                0x0000000008001248                DMA2_Stream4_IRQHandler
                0x0000000008001248                USART1_IRQHandler
                0x0000000008001248                OTG_FS_IRQHandler
                0x0000000008001248                SPI3_IRQHandler
                0x0000000008001248                DMA1_Stream4_IRQHandler
                0x0000000008001248                I2C1_ER_IRQHandler
                0x0000000008001248                FMC_IRQHandler
                0x0000000008001248                DMA2_Stream6_IRQHandler
                0x0000000008001248                SAI1_IRQHandler
                0x0000000008001248                RTC_Alarm_IRQHandler
 *fill*         0x000000000800124a        0x2 
 .text.HAL_Init
                0x000000000800124c       0x44 ./Drivers/STM32F4xx_HAL_Driver/Src/stm32f4xx_hal.o
                0x000000000800124c                HAL_Init
 .text.HAL_InitTick
                0x0000000008001290       0x60 ./Drivers/STM32F4xx_HAL_Driver/Src/stm32f4xx_hal.o
                0x0000000008001290                HAL_InitTick
 .text.HAL_IncTick
                0x00000000080012f0       0x28 ./Drivers/STM32F4xx_HAL_Driver/Src/stm32f4xx_hal.o
                0x00000000080012f0                HAL_IncTick
 .text.HAL_GetTick
                0x0000000008001318       0x18 ./Drivers/STM32F4xx_HAL_Driver/Src/stm32f4xx_hal.o
                0x0000000008001318                HAL_GetTick
 .text.HAL_Delay
                0x0000000008001330       0x48 ./Drivers/STM32F4xx_HAL_Driver/Src/stm32f4xx_hal.o
                0x0000000008001330                HAL_Delay
 .text.HAL_ADC_Init
                0x0000000008001378       0x86 ./Drivers/STM32F4xx_HAL_Driver/Src/stm32f4xx_hal_adc.o
                0x0000000008001378                HAL_ADC_Init
 *fill*         0x00000000080013fe        0x2 
 .text.HAL_ADC_Start_DMA
                0x0000000008001400      0x220 ./Drivers/STM32F4xx_HAL_Driver/Src/stm32f4xx_hal_adc.o
                0x0000000008001400                HAL_ADC_Start_DMA
 .text.HAL_ADC_ErrorCallback
                0x0000000008001620       0x14 ./Drivers/STM32F4xx_HAL_Driver/Src/stm32f4xx_hal_adc.o
                0x0000000008001620                HAL_ADC_ErrorCallback
 .text.HAL_ADC_ConfigChannel
                0x0000000008001634      0x264 ./Drivers/STM32F4xx_HAL_Driver/Src/stm32f4xx_hal_adc.o
                0x0000000008001634                HAL_ADC_ConfigChannel
 .text.ADC_Init
                0x0000000008001898      0x1f8 ./Drivers/STM32F4xx_HAL_Driver/Src/stm32f4xx_hal_adc.o
 .text.ADC_DMAConvCplt
                0x0000000008001a90       0xba ./Drivers/STM32F4xx_HAL_Driver/Src/stm32f4xx_hal_adc.o
 .text.ADC_DMAHalfConvCplt
                0x0000000008001b4a       0x1c ./Drivers/STM32F4xx_HAL_Driver/Src/stm32f4xx_hal_adc.o
 .text.ADC_DMAError
                0x0000000008001b66       0x2e ./Drivers/STM32F4xx_HAL_Driver/Src/stm32f4xx_hal_adc.o
 .text.__NVIC_SetPriorityGrouping
                0x0000000008001b94       0x48 ./Drivers/STM32F4xx_HAL_Driver/Src/stm32f4xx_hal_cortex.o
 .text.__NVIC_GetPriorityGrouping
                0x0000000008001bdc       0x1c ./Drivers/STM32F4xx_HAL_Driver/Src/stm32f4xx_hal_cortex.o
 .text.__NVIC_EnableIRQ
                0x0000000008001bf8       0x3c ./Drivers/STM32F4xx_HAL_Driver/Src/stm32f4xx_hal_cortex.o
 .text.__NVIC_SetPriority
                0x0000000008001c34       0x54 ./Drivers/STM32F4xx_HAL_Driver/Src/stm32f4xx_hal_cortex.o
 .text.NVIC_EncodePriority
                0x0000000008001c88       0x66 ./Drivers/STM32F4xx_HAL_Driver/Src/stm32f4xx_hal_cortex.o
 *fill*         0x0000000008001cee        0x2 
 .text.SysTick_Config
                0x0000000008001cf0       0x44 ./Drivers/STM32F4xx_HAL_Driver/Src/stm32f4xx_hal_cortex.o
 .text.HAL_NVIC_SetPriorityGrouping
                0x0000000008001d34       0x16 ./Drivers/STM32F4xx_HAL_Driver/Src/stm32f4xx_hal_cortex.o
                0x0000000008001d34                HAL_NVIC_SetPriorityGrouping
 .text.HAL_NVIC_SetPriority
                0x0000000008001d4a       0x38 ./Drivers/STM32F4xx_HAL_Driver/Src/stm32f4xx_hal_cortex.o
                0x0000000008001d4a                HAL_NVIC_SetPriority
 .text.HAL_NVIC_EnableIRQ
                0x0000000008001d82       0x1c ./Drivers/STM32F4xx_HAL_Driver/Src/stm32f4xx_hal_cortex.o
                0x0000000008001d82                HAL_NVIC_EnableIRQ
 .text.HAL_SYSTICK_Config
                0x0000000008001d9e       0x18 ./Drivers/STM32F4xx_HAL_Driver/Src/stm32f4xx_hal_cortex.o
                0x0000000008001d9e                HAL_SYSTICK_Config
 *fill*         0x0000000008001db6        0x2 
 .text.HAL_DMA_Init
                0x0000000008001db8      0x15c ./Drivers/STM32F4xx_HAL_Driver/Src/stm32f4xx_hal_dma.o
                0x0000000008001db8                HAL_DMA_Init
 .text.HAL_DMA_Start_IT
                0x0000000008001f14       0xb0 ./Drivers/STM32F4xx_HAL_Driver/Src/stm32f4xx_hal_dma.o
                0x0000000008001f14                HAL_DMA_Start_IT
 .text.HAL_DMA_Abort
                0x0000000008001fc4       0xe0 ./Drivers/STM32F4xx_HAL_Driver/Src/stm32f4xx_hal_dma.o
                0x0000000008001fc4                HAL_DMA_Abort
 .text.HAL_DMA_Abort_IT
                0x00000000080020a4       0x44 ./Drivers/STM32F4xx_HAL_Driver/Src/stm32f4xx_hal_dma.o
                0x00000000080020a4                HAL_DMA_Abort_IT
 .text.HAL_DMA_IRQHandler
                0x00000000080020e8      0x314 ./Drivers/STM32F4xx_HAL_Driver/Src/stm32f4xx_hal_dma.o
                0x00000000080020e8                HAL_DMA_IRQHandler
 .text.DMA_SetConfig
                0x00000000080023fc       0x5c ./Drivers/STM32F4xx_HAL_Driver/Src/stm32f4xx_hal_dma.o
 .text.DMA_CalcBaseAndBitshift
                0x0000000008002458       0x6c ./Drivers/STM32F4xx_HAL_Driver/Src/stm32f4xx_hal_dma.o
 .text.DMA_CheckFifoParam
                0x00000000080024c4       0xf8 ./Drivers/STM32F4xx_HAL_Driver/Src/stm32f4xx_hal_dma.o
 .text.HAL_GPIO_Init
                0x00000000080025bc      0x358 ./Drivers/STM32F4xx_HAL_Driver/Src/stm32f4xx_hal_gpio.o
                0x00000000080025bc                HAL_GPIO_Init
 .text.HAL_GPIO_WritePin
                0x0000000008002914       0x32 ./Drivers/STM32F4xx_HAL_Driver/Src/stm32f4xx_hal_gpio.o
                0x0000000008002914                HAL_GPIO_WritePin
 .text.HAL_GPIO_TogglePin
                0x0000000008002946       0x34 ./Drivers/STM32F4xx_HAL_Driver/Src/stm32f4xx_hal_gpio.o
                0x0000000008002946                HAL_GPIO_TogglePin
 .text.HAL_PCD_Init
                0x000000000800297a      0x23a ./Drivers/STM32F4xx_HAL_Driver/Src/stm32f4xx_hal_pcd.o
                0x000000000800297a                HAL_PCD_Init
 .text.HAL_RCC_OscConfig
                0x0000000008002bb4      0x4f0 ./Drivers/STM32F4xx_HAL_Driver/Src/stm32f4xx_hal_rcc.o
                0x0000000008002bb4                HAL_RCC_OscConfig
 .text.HAL_RCC_ClockConfig
                0x00000000080030a4      0x1cc ./Drivers/STM32F4xx_HAL_Driver/Src/stm32f4xx_hal_rcc.o
                0x00000000080030a4                HAL_RCC_ClockConfig
 .text.HAL_RCC_GetSysClockFreq
                0x0000000008003270      0x1c4 ./Drivers/STM32F4xx_HAL_Driver/Src/stm32f4xx_hal_rcc.o
                0x0000000008003270                HAL_RCC_GetSysClockFreq
 .text.HAL_RCC_GetHCLKFreq
                0x0000000008003434       0x18 ./Drivers/STM32F4xx_HAL_Driver/Src/stm32f4xx_hal_rcc.o
                0x0000000008003434                HAL_RCC_GetHCLKFreq
 .text.HAL_RCC_GetPCLK1Freq
                0x000000000800344c       0x28 ./Drivers/STM32F4xx_HAL_Driver/Src/stm32f4xx_hal_rcc.o
                0x000000000800344c                HAL_RCC_GetPCLK1Freq
 .text.HAL_RCC_GetPCLK2Freq
                0x0000000008003474       0x28 ./Drivers/STM32F4xx_HAL_Driver/Src/stm32f4xx_hal_rcc.o
                0x0000000008003474                HAL_RCC_GetPCLK2Freq
 .text.HAL_RCCEx_PeriphCLKConfig
                0x000000000800349c      0x37c ./Drivers/STM32F4xx_HAL_Driver/Src/stm32f4xx_hal_rcc_ex.o
                0x000000000800349c                HAL_RCCEx_PeriphCLKConfig
 .text.HAL_RTC_Init
                0x0000000008003818      0x122 ./Drivers/STM32F4xx_HAL_Driver/Src/stm32f4xx_hal_rtc.o
                0x0000000008003818                HAL_RTC_Init
 .text.HAL_RTC_WaitForSynchro
                0x000000000800393a       0x50 ./Drivers/STM32F4xx_HAL_Driver/Src/stm32f4xx_hal_rtc.o
                0x000000000800393a                HAL_RTC_WaitForSynchro
 .text.RTC_EnterInitMode
                0x000000000800398a       0x58 ./Drivers/STM32F4xx_HAL_Driver/Src/stm32f4xx_hal_rtc.o
                0x000000000800398a                RTC_EnterInitMode
 .text.HAL_UART_Init
                0x00000000080039e2       0x9a ./Drivers/STM32F4xx_HAL_Driver/Src/stm32f4xx_hal_uart.o
                0x00000000080039e2                HAL_UART_Init
 .text.HAL_UART_Transmit
                0x0000000008003a7c      0x124 ./Drivers/STM32F4xx_HAL_Driver/Src/stm32f4xx_hal_uart.o
                0x0000000008003a7c                HAL_UART_Transmit
 .text.HAL_UART_Receive_IT
                0x0000000008003ba0       0x60 ./Drivers/STM32F4xx_HAL_Driver/Src/stm32f4xx_hal_uart.o
                0x0000000008003ba0                HAL_UART_Receive_IT
 .text.HAL_UART_IRQHandler
                0x0000000008003c00      0x51c ./Drivers/STM32F4xx_HAL_Driver/Src/stm32f4xx_hal_uart.o
                0x0000000008003c00                HAL_UART_IRQHandler
 .text.HAL_UART_ErrorCallback
                0x000000000800411c       0x14 ./Drivers/STM32F4xx_HAL_Driver/Src/stm32f4xx_hal_uart.o
                0x000000000800411c                HAL_UART_ErrorCallback
 .text.HAL_UARTEx_RxEventCallback
                0x0000000008004130       0x18 ./Drivers/STM32F4xx_HAL_Driver/Src/stm32f4xx_hal_uart.o
                0x0000000008004130                HAL_UARTEx_RxEventCallback
 .text.UART_WaitOnFlagUntilTimeout
                0x0000000008004148       0xdc ./Drivers/STM32F4xx_HAL_Driver/Src/stm32f4xx_hal_uart.o
 .text.UART_Start_Receive_IT
                0x0000000008004224       0x74 ./Drivers/STM32F4xx_HAL_Driver/Src/stm32f4xx_hal_uart.o
                0x0000000008004224                UART_Start_Receive_IT
 .text.UART_EndRxTransfer
                0x0000000008004298       0xc6 ./Drivers/STM32F4xx_HAL_Driver/Src/stm32f4xx_hal_uart.o
 .text.UART_DMAAbortOnError
                0x000000000800435e       0x28 ./Drivers/STM32F4xx_HAL_Driver/Src/stm32f4xx_hal_uart.o
 .text.UART_Transmit_IT
                0x0000000008004386       0xa0 ./Drivers/STM32F4xx_HAL_Driver/Src/stm32f4xx_hal_uart.o
 .text.UART_EndTransmit_IT
                0x0000000008004426       0x30 ./Drivers/STM32F4xx_HAL_Driver/Src/stm32f4xx_hal_uart.o
 .text.UART_Receive_IT
                0x0000000008004456      0x176 ./Drivers/STM32F4xx_HAL_Driver/Src/stm32f4xx_hal_uart.o
 .text.UART_SetConfig
                0x00000000080045cc      0x390 ./Drivers/STM32F4xx_HAL_Driver/Src/stm32f4xx_hal_uart.o
 .text.USB_CoreInit
                0x000000000800495c       0xc2 ./Drivers/STM32F4xx_HAL_Driver/Src/stm32f4xx_ll_usb.o
                0x000000000800495c                USB_CoreInit
 .text.USB_DisableGlobalInt
                0x0000000008004a1e       0x22 ./Drivers/STM32F4xx_HAL_Driver/Src/stm32f4xx_ll_usb.o
                0x0000000008004a1e                USB_DisableGlobalInt
 .text.USB_SetCurrentMode
                0x0000000008004a40       0x98 ./Drivers/STM32F4xx_HAL_Driver/Src/stm32f4xx_ll_usb.o
                0x0000000008004a40                USB_SetCurrentMode
 .text.USB_DevInit
                0x0000000008004ad8      0x2c8 ./Drivers/STM32F4xx_HAL_Driver/Src/stm32f4xx_ll_usb.o
                0x0000000008004ad8                USB_DevInit
 .text.USB_FlushTxFifo
                0x0000000008004da0       0x48 ./Drivers/STM32F4xx_HAL_Driver/Src/stm32f4xx_ll_usb.o
                0x0000000008004da0                USB_FlushTxFifo
 .text.USB_FlushRxFifo
                0x0000000008004de8       0x40 ./Drivers/STM32F4xx_HAL_Driver/Src/stm32f4xx_ll_usb.o
                0x0000000008004de8                USB_FlushRxFifo
 .text.USB_SetDevSpeed
                0x0000000008004e28       0x32 ./Drivers/STM32F4xx_HAL_Driver/Src/stm32f4xx_ll_usb.o
                0x0000000008004e28                USB_SetDevSpeed
 .text.USB_DevDisconnect
                0x0000000008004e5a       0x42 ./Drivers/STM32F4xx_HAL_Driver/Src/stm32f4xx_ll_usb.o
                0x0000000008004e5a                USB_DevDisconnect
 .text.USB_GetMode
                0x0000000008004e9c       0x1c ./Drivers/STM32F4xx_HAL_Driver/Src/stm32f4xx_ll_usb.o
                0x0000000008004e9c                USB_GetMode
 .text.USB_CoreReset
                0x0000000008004eb8       0x64 ./Drivers/STM32F4xx_HAL_Driver/Src/stm32f4xx_ll_usb.o
 .text.makeFreeRtosPriority
                0x0000000008004f1c       0x30 ./Middlewares/Third_Party/FreeRTOS/Source/CMSIS_RTOS/cmsis_os.o
 .text.osKernelStart
                0x0000000008004f4c        0xe ./Middlewares/Third_Party/FreeRTOS/Source/CMSIS_RTOS/cmsis_os.o
                0x0000000008004f4c                osKernelStart
 .text.osThreadCreate
                0x0000000008004f5a       0x98 ./Middlewares/Third_Party/FreeRTOS/Source/CMSIS_RTOS/cmsis_os.o
                0x0000000008004f5a                osThreadCreate
 .text.osDelay  0x0000000008004ff2       0x28 ./Middlewares/Third_Party/FreeRTOS/Source/CMSIS_RTOS/cmsis_os.o
                0x0000000008004ff2                osDelay
 .text.vListInitialise
                0x000000000800501a       0x40 ./Middlewares/Third_Party/FreeRTOS/Source/list.o
                0x000000000800501a                vListInitialise
 .text.vListInitialiseItem
                0x000000000800505a       0x1a ./Middlewares/Third_Party/FreeRTOS/Source/list.o
                0x000000000800505a                vListInitialiseItem
 .text.vListInsertEnd
                0x0000000008005074       0x48 ./Middlewares/Third_Party/FreeRTOS/Source/list.o
                0x0000000008005074                vListInsertEnd
 .text.vListInsert
                0x00000000080050bc       0x72 ./Middlewares/Third_Party/FreeRTOS/Source/list.o
                0x00000000080050bc                vListInsert
 .text.uxListRemove
                0x000000000800512e       0x54 ./Middlewares/Third_Party/FreeRTOS/Source/list.o
                0x000000000800512e                uxListRemove
 *fill*         0x0000000008005182        0x2 
 .text.xQueueGenericReset
                0x0000000008005184       0xd0 ./Middlewares/Third_Party/FreeRTOS/Source/queue.o
                0x0000000008005184                xQueueGenericReset
 .text.xQueueGenericCreate
                0x0000000008005254       0x74 ./Middlewares/Third_Party/FreeRTOS/Source/queue.o
                0x0000000008005254                xQueueGenericCreate
 .text.prvInitialiseNewQueue
                0x00000000080052c8       0x3e ./Middlewares/Third_Party/FreeRTOS/Source/queue.o
 .text.prvInitialiseMutex
                0x0000000008005306       0x34 ./Middlewares/Third_Party/FreeRTOS/Source/queue.o
 .text.xQueueCreateMutex
                0x000000000800533a       0x30 ./Middlewares/Third_Party/FreeRTOS/Source/queue.o
                0x000000000800533a                xQueueCreateMutex
 *fill*         0x000000000800536a        0x2 
 .text.xQueueGenericSend
                0x000000000800536c      0x1fc ./Middlewares/Third_Party/FreeRTOS/Source/queue.o
                0x000000000800536c                xQueueGenericSend
 .text.prvCopyDataToQueue
                0x0000000008005568       0xd4 ./Middlewares/Third_Party/FreeRTOS/Source/queue.o
 .text.prvUnlockQueue
                0x000000000800563c       0xa4 ./Middlewares/Third_Party/FreeRTOS/Source/queue.o
 .text.prvIsQueueFull
                0x00000000080056e0       0x30 ./Middlewares/Third_Party/FreeRTOS/Source/queue.o
 .text.xTaskCreateStatic
                0x0000000008005710       0xba ./Middlewares/Third_Party/FreeRTOS/Source/tasks.o
                0x0000000008005710                xTaskCreateStatic
 .text.xTaskCreate
                0x00000000080057ca       0x8a ./Middlewares/Third_Party/FreeRTOS/Source/tasks.o
                0x00000000080057ca                xTaskCreate
 .text.prvInitialiseNewTask
                0x0000000008005854      0x13c ./Middlewares/Third_Party/FreeRTOS/Source/tasks.o
 .text.prvAddNewTaskToReadyList
                0x0000000008005990       0xd4 ./Middlewares/Third_Party/FreeRTOS/Source/tasks.o
 .text.vTaskDelay
                0x0000000008005a64       0x68 ./Middlewares/Third_Party/FreeRTOS/Source/tasks.o
                0x0000000008005a64                vTaskDelay
 .text.vTaskStartScheduler
                0x0000000008005acc       0xd4 ./Middlewares/Third_Party/FreeRTOS/Source/tasks.o
                0x0000000008005acc                vTaskStartScheduler
 .text.vTaskSuspendAll
                0x0000000008005ba0       0x1c ./Middlewares/Third_Party/FreeRTOS/Source/tasks.o
                0x0000000008005ba0                vTaskSuspendAll
 .text.xTaskResumeAll
                0x0000000008005bbc      0x138 ./Middlewares/Third_Party/FreeRTOS/Source/tasks.o
                0x0000000008005bbc                xTaskResumeAll
 .text.xTaskIncrementTick
                0x0000000008005cf4      0x170 ./Middlewares/Third_Party/FreeRTOS/Source/tasks.o
                0x0000000008005cf4                xTaskIncrementTick
 .text.vTaskSwitchContext
                0x0000000008005e64       0xc4 ./Middlewares/Third_Party/FreeRTOS/Source/tasks.o
                0x0000000008005e64                vTaskSwitchContext
 .text.vTaskPlaceOnEventList
                0x0000000008005f28       0x48 ./Middlewares/Third_Party/FreeRTOS/Source/tasks.o
                0x0000000008005f28                vTaskPlaceOnEventList
 .text.xTaskRemoveFromEventList
                0x0000000008005f70       0xc4 ./Middlewares/Third_Party/FreeRTOS/Source/tasks.o
                0x0000000008005f70                xTaskRemoveFromEventList
 .text.vTaskInternalSetTimeOutState
                0x0000000008006034       0x2c ./Middlewares/Third_Party/FreeRTOS/Source/tasks.o
                0x0000000008006034                vTaskInternalSetTimeOutState
 .text.xTaskCheckForTimeOut
                0x0000000008006060       0xc4 ./Middlewares/Third_Party/FreeRTOS/Source/tasks.o
                0x0000000008006060                xTaskCheckForTimeOut
 .text.vTaskMissedYield
                0x0000000008006124       0x18 ./Middlewares/Third_Party/FreeRTOS/Source/tasks.o
                0x0000000008006124                vTaskMissedYield
 .text.prvIdleTask
                0x000000000800613c       0x30 ./Middlewares/Third_Party/FreeRTOS/Source/tasks.o
 .text.prvInitialiseTaskLists
                0x000000000800616c       0x80 ./Middlewares/Third_Party/FreeRTOS/Source/tasks.o
 .text.prvCheckTasksWaitingTermination
                0x00000000080061ec       0x5c ./Middlewares/Third_Party/FreeRTOS/Source/tasks.o
 .text.prvDeleteTCB
                0x0000000008006248       0x68 ./Middlewares/Third_Party/FreeRTOS/Source/tasks.o
 .text.prvResetNextTaskUnblockTime
                0x00000000080062b0       0x40 ./Middlewares/Third_Party/FreeRTOS/Source/tasks.o
 .text.xTaskGetSchedulerState
                0x00000000080062f0       0x3c ./Middlewares/Third_Party/FreeRTOS/Source/tasks.o
                0x00000000080062f0                xTaskGetSchedulerState
 .text.xTaskPriorityDisinherit
                0x000000000800632c      0x10c ./Middlewares/Third_Party/FreeRTOS/Source/tasks.o
                0x000000000800632c                xTaskPriorityDisinherit
 .text.prvAddCurrentTaskToDelayedList
                0x0000000008006438       0xcc ./Middlewares/Third_Party/FreeRTOS/Source/tasks.o
 .text.pxPortInitialiseStack
                0x0000000008006504       0x68 ./Middlewares/Third_Party/FreeRTOS/Source/portable/GCC/ARM_CM4F/port.o
                0x0000000008006504                pxPortInitialiseStack
 .text.prvTaskExitError
                0x000000000800656c       0x58 ./Middlewares/Third_Party/FreeRTOS/Source/portable/GCC/ARM_CM4F/port.o
 *fill*         0x00000000080065c4        0xc 
 .text.SVC_Handler
                0x00000000080065d0       0x28 ./Middlewares/Third_Party/FreeRTOS/Source/portable/GCC/ARM_CM4F/port.o
                0x00000000080065d0                SVC_Handler
 .text.prvPortStartFirstTask
                0x00000000080065f8       0x28 ./Middlewares/Third_Party/FreeRTOS/Source/portable/GCC/ARM_CM4F/port.o
 .text.xPortStartScheduler
                0x0000000008006620      0x144 ./Middlewares/Third_Party/FreeRTOS/Source/portable/GCC/ARM_CM4F/port.o
                0x0000000008006620                xPortStartScheduler
 .text.vPortEnterCritical
                0x0000000008006764       0x60 ./Middlewares/Third_Party/FreeRTOS/Source/portable/GCC/ARM_CM4F/port.o
                0x0000000008006764                vPortEnterCritical
 .text.vPortExitCritical
                0x00000000080067c4       0x54 ./Middlewares/Third_Party/FreeRTOS/Source/portable/GCC/ARM_CM4F/port.o
                0x00000000080067c4                vPortExitCritical
 *fill*         0x0000000008006818        0x8 
 .text.PendSV_Handler
                0x0000000008006820       0x68 ./Middlewares/Third_Party/FreeRTOS/Source/portable/GCC/ARM_CM4F/port.o
                0x0000000008006820                PendSV_Handler
 .text.xPortSysTickHandler
                0x0000000008006888       0x44 ./Middlewares/Third_Party/FreeRTOS/Source/portable/GCC/ARM_CM4F/port.o
                0x0000000008006888                xPortSysTickHandler
 .text.vPortSetupTimerInterrupt
                0x00000000080068cc       0x48 ./Middlewares/Third_Party/FreeRTOS/Source/portable/GCC/ARM_CM4F/port.o
                0x00000000080068cc                vPortSetupTimerInterrupt
 .text.vPortEnableVFP
                0x0000000008006914       0x14 ./Middlewares/Third_Party/FreeRTOS/Source/portable/GCC/ARM_CM4F/port.o
 .text.pvPortMalloc
                0x0000000008006928      0x198 ./Middlewares/Third_Party/FreeRTOS/Source/portable/MemMang/heap_4.o
                0x0000000008006928                pvPortMalloc
 .text.vPortFree
                0x0000000008006ac0       0xc4 ./Middlewares/Third_Party/FreeRTOS/Source/portable/MemMang/heap_4.o
                0x0000000008006ac0                vPortFree
 .text.prvHeapInit
                0x0000000008006b84       0xc4 ./Middlewares/Third_Party/FreeRTOS/Source/portable/MemMang/heap_4.o
 .text.prvInsertBlockIntoFreeList
                0x0000000008006c48       0xb4 ./Middlewares/Third_Party/FreeRTOS/Source/portable/MemMang/heap_4.o
 .text.arm_fir_init_f32
                0x0000000008006cfc       0x20 /Users/vitorsaraiva/Desktop/LASET/More_Tests/More_Tests_v5/Middlewares/ST/ARM/DSP/Lib/libarm_cortexM4lf_math.a(arm_fir_init_f32.o)
                0x0000000008006cfc                arm_fir_init_f32
 .text.arm_fir_f32
                0x0000000008006d1c      0x500 /Users/vitorsaraiva/Desktop/LASET/More_Tests/More_Tests_v5/Middlewares/ST/ARM/DSP/Lib/libarm_cortexM4lf_math.a(arm_fir_f32.o)
                0x0000000008006d1c                arm_fir_f32
 .text.__libc_init_array
                0x000000000800721c       0x48 /Applications/STM32CubeIDE.app/Contents/Eclipse/plugins/com.st.stm32cube.ide.mcu.externaltools.gnu-tools-for-stm32.9-2020-q2-update.macos64_2.0.0.202105311346/tools/bin/../lib/gcc/arm-none-eabi/9.3.1/../../../../arm-none-eabi/lib/thumb/v7e-m+fp/hard/libc_nano.a(lib_a-init.o)
                0x000000000800721c                __libc_init_array
 .text.__retarget_lock_acquire_recursive
                0x0000000008007264        0x2 /Applications/STM32CubeIDE.app/Contents/Eclipse/plugins/com.st.stm32cube.ide.mcu.externaltools.gnu-tools-for-stm32.9-2020-q2-update.macos64_2.0.0.202105311346/tools/bin/../lib/gcc/arm-none-eabi/9.3.1/../../../../arm-none-eabi/lib/thumb/v7e-m+fp/hard/libc_nano.a(lib_a-lock.o)
                0x0000000008007264                __retarget_lock_acquire_recursive
 .text.__retarget_lock_release_recursive
                0x0000000008007266        0x2 /Applications/STM32CubeIDE.app/Contents/Eclipse/plugins/com.st.stm32cube.ide.mcu.externaltools.gnu-tools-for-stm32.9-2020-q2-update.macos64_2.0.0.202105311346/tools/bin/../lib/gcc/arm-none-eabi/9.3.1/../../../../arm-none-eabi/lib/thumb/v7e-m+fp/hard/libc_nano.a(lib_a-lock.o)
                0x0000000008007266                __retarget_lock_release_recursive
 .text.memcpy   0x0000000008007268       0x1c /Applications/STM32CubeIDE.app/Contents/Eclipse/plugins/com.st.stm32cube.ide.mcu.externaltools.gnu-tools-for-stm32.9-2020-q2-update.macos64_2.0.0.202105311346/tools/bin/../lib/gcc/arm-none-eabi/9.3.1/../../../../arm-none-eabi/lib/thumb/v7e-m+fp/hard/libc_nano.a(lib_a-memcpy-stub.o)
                0x0000000008007268                memcpy
 .text.memset   0x0000000008007284       0x10 /Applications/STM32CubeIDE.app/Contents/Eclipse/plugins/com.st.stm32cube.ide.mcu.externaltools.gnu-tools-for-stm32.9-2020-q2-update.macos64_2.0.0.202105311346/tools/bin/../lib/gcc/arm-none-eabi/9.3.1/../../../../arm-none-eabi/lib/thumb/v7e-m+fp/hard/libc_nano.a(lib_a-memset.o)
                0x0000000008007284                memset
 .text.cleanup_glue
                0x0000000008007294       0x1a /Applications/STM32CubeIDE.app/Contents/Eclipse/plugins/com.st.stm32cube.ide.mcu.externaltools.gnu-tools-for-stm32.9-2020-q2-update.macos64_2.0.0.202105311346/tools/bin/../lib/gcc/arm-none-eabi/9.3.1/../../../../arm-none-eabi/lib/thumb/v7e-m+fp/hard/libc_nano.a(lib_a-reent.o)
                0x0000000008007294                cleanup_glue
 *fill*         0x00000000080072ae        0x2 
 .text._reclaim_reent
                0x00000000080072b0       0xb8 /Applications/STM32CubeIDE.app/Contents/Eclipse/plugins/com.st.stm32cube.ide.mcu.externaltools.gnu-tools-for-stm32.9-2020-q2-update.macos64_2.0.0.202105311346/tools/bin/../lib/gcc/arm-none-eabi/9.3.1/../../../../arm-none-eabi/lib/thumb/v7e-m+fp/hard/libc_nano.a(lib_a-reent.o)
                0x00000000080072b0                _reclaim_reent
 .text.__malloc_lock
                0x0000000008007368        0xc /Applications/STM32CubeIDE.app/Contents/Eclipse/plugins/com.st.stm32cube.ide.mcu.externaltools.gnu-tools-for-stm32.9-2020-q2-update.macos64_2.0.0.202105311346/tools/bin/../lib/gcc/arm-none-eabi/9.3.1/../../../../arm-none-eabi/lib/thumb/v7e-m+fp/hard/libc_nano.a(lib_a-mlock.o)
                0x0000000008007368                __malloc_lock
 .text.__malloc_unlock
                0x0000000008007374        0xc /Applications/STM32CubeIDE.app/Contents/Eclipse/plugins/com.st.stm32cube.ide.mcu.externaltools.gnu-tools-for-stm32.9-2020-q2-update.macos64_2.0.0.202105311346/tools/bin/../lib/gcc/arm-none-eabi/9.3.1/../../../../arm-none-eabi/lib/thumb/v7e-m+fp/hard/libc_nano.a(lib_a-mlock.o)
                0x0000000008007374                __malloc_unlock
 .text._free_r  0x0000000008007380       0xa0 /Applications/STM32CubeIDE.app/Contents/Eclipse/plugins/com.st.stm32cube.ide.mcu.externaltools.gnu-tools-for-stm32.9-2020-q2-update.macos64_2.0.0.202105311346/tools/bin/../lib/gcc/arm-none-eabi/9.3.1/../../../../arm-none-eabi/lib/thumb/v7e-m+fp/hard/libc_nano.a(lib_a-nano-freer.o)
                0x0000000008007380                _free_r
 *(.glue_7)
 .glue_7        0x0000000008007420        0x0 linker stubs
 *(.glue_7t)
 .glue_7t       0x0000000008007420        0x0 linker stubs
 *(.eh_frame)
 .eh_frame      0x0000000008007420        0x0 /Applications/STM32CubeIDE.app/Contents/Eclipse/plugins/com.st.stm32cube.ide.mcu.externaltools.gnu-tools-for-stm32.9-2020-q2-update.macos64_2.0.0.202105311346/tools/bin/../lib/gcc/arm-none-eabi/9.3.1/thumb/v7e-m+fp/hard/crtbegin.o
 *(.init)
 .init          0x0000000008007420        0x4 /Applications/STM32CubeIDE.app/Contents/Eclipse/plugins/com.st.stm32cube.ide.mcu.externaltools.gnu-tools-for-stm32.9-2020-q2-update.macos64_2.0.0.202105311346/tools/bin/../lib/gcc/arm-none-eabi/9.3.1/thumb/v7e-m+fp/hard/crti.o
                0x0000000008007420                _init
 .init          0x0000000008007424        0x8 /Applications/STM32CubeIDE.app/Contents/Eclipse/plugins/com.st.stm32cube.ide.mcu.externaltools.gnu-tools-for-stm32.9-2020-q2-update.macos64_2.0.0.202105311346/tools/bin/../lib/gcc/arm-none-eabi/9.3.1/thumb/v7e-m+fp/hard/crtn.o
 *(.fini)
 .fini          0x000000000800742c        0x4 /Applications/STM32CubeIDE.app/Contents/Eclipse/plugins/com.st.stm32cube.ide.mcu.externaltools.gnu-tools-for-stm32.9-2020-q2-update.macos64_2.0.0.202105311346/tools/bin/../lib/gcc/arm-none-eabi/9.3.1/thumb/v7e-m+fp/hard/crti.o
                0x000000000800742c                _fini
 .fini          0x0000000008007430        0x8 /Applications/STM32CubeIDE.app/Contents/Eclipse/plugins/com.st.stm32cube.ide.mcu.externaltools.gnu-tools-for-stm32.9-2020-q2-update.macos64_2.0.0.202105311346/tools/bin/../lib/gcc/arm-none-eabi/9.3.1/thumb/v7e-m+fp/hard/crtn.o
                0x0000000008007438                . = ALIGN (0x4)
                0x0000000008007438                _etext = .

.vfp11_veneer   0x0000000008007438        0x0
 .vfp11_veneer  0x0000000008007438        0x0 linker stubs

.v4_bx          0x0000000008007438        0x0
 .v4_bx         0x0000000008007438        0x0 linker stubs

.iplt           0x0000000008007438        0x0
 .iplt          0x0000000008007438        0x0 /Applications/STM32CubeIDE.app/Contents/Eclipse/plugins/com.st.stm32cube.ide.mcu.externaltools.gnu-tools-for-stm32.9-2020-q2-update.macos64_2.0.0.202105311346/tools/bin/../lib/gcc/arm-none-eabi/9.3.1/thumb/v7e-m+fp/hard/crtbegin.o

.rodata         0x0000000008007438      0x128
                0x0000000008007438                . = ALIGN (0x4)
 *(.rodata)
 .rodata        0x0000000008007438       0xa0 ./Core/Src/main.o
 .rodata        0x00000000080074d8        0x5 ./Middlewares/Third_Party/FreeRTOS/Source/tasks.o
 *(.rodata*)
 *fill*         0x00000000080074dd        0x3 
 .rodata.AHBPrescTable
                0x00000000080074e0       0x10 ./Core/Src/system_stm32f4xx.o
                0x00000000080074e0                AHBPrescTable
 .rodata.APBPrescTable
                0x00000000080074f0        0x8 ./Core/Src/system_stm32f4xx.o
                0x00000000080074f0                APBPrescTable
 .rodata.flagBitshiftOffset.9058
                0x00000000080074f8        0x8 ./Drivers/STM32F4xx_HAL_Driver/Src/stm32f4xx_hal_dma.o
 .rodata.__sf_fake_stderr
                0x0000000008007500       0x20 /Applications/STM32CubeIDE.app/Contents/Eclipse/plugins/com.st.stm32cube.ide.mcu.externaltools.gnu-tools-for-stm32.9-2020-q2-update.macos64_2.0.0.202105311346/tools/bin/../lib/gcc/arm-none-eabi/9.3.1/../../../../arm-none-eabi/lib/thumb/v7e-m+fp/hard/libc_nano.a(lib_a-findfp.o)
                0x0000000008007500                __sf_fake_stderr
 .rodata.__sf_fake_stdin
                0x0000000008007520       0x20 /Applications/STM32CubeIDE.app/Contents/Eclipse/plugins/com.st.stm32cube.ide.mcu.externaltools.gnu-tools-for-stm32.9-2020-q2-update.macos64_2.0.0.202105311346/tools/bin/../lib/gcc/arm-none-eabi/9.3.1/../../../../arm-none-eabi/lib/thumb/v7e-m+fp/hard/libc_nano.a(lib_a-findfp.o)
                0x0000000008007520                __sf_fake_stdin
 .rodata.__sf_fake_stdout
                0x0000000008007540       0x20 /Applications/STM32CubeIDE.app/Contents/Eclipse/plugins/com.st.stm32cube.ide.mcu.externaltools.gnu-tools-for-stm32.9-2020-q2-update.macos64_2.0.0.202105311346/tools/bin/../lib/gcc/arm-none-eabi/9.3.1/../../../../arm-none-eabi/lib/thumb/v7e-m+fp/hard/libc_nano.a(lib_a-findfp.o)
                0x0000000008007540                __sf_fake_stdout
                0x0000000008007560                . = ALIGN (0x4)

.ARM.extab      0x0000000008007560        0x0
                0x0000000008007560                . = ALIGN (0x4)
 *(.ARM.extab* .gnu.linkonce.armextab.*)
                0x0000000008007560                . = ALIGN (0x4)

.ARM            0x0000000008007560        0x8
                0x0000000008007560                . = ALIGN (0x4)
                0x0000000008007560                __exidx_start = .
 *(.ARM.exidx*)
 .ARM.exidx     0x0000000008007560        0x8 /Applications/STM32CubeIDE.app/Contents/Eclipse/plugins/com.st.stm32cube.ide.mcu.externaltools.gnu-tools-for-stm32.9-2020-q2-update.macos64_2.0.0.202105311346/tools/bin/../lib/gcc/arm-none-eabi/9.3.1/thumb/v7e-m+fp/hard/libgcc.a(_udivmoddi4.o)
                0x0000000008007568                __exidx_end = .
                0x0000000008007568                . = ALIGN (0x4)

.rel.dyn        0x0000000008007568        0x0
 .rel.iplt      0x0000000008007568        0x0 /Applications/STM32CubeIDE.app/Contents/Eclipse/plugins/com.st.stm32cube.ide.mcu.externaltools.gnu-tools-for-stm32.9-2020-q2-update.macos64_2.0.0.202105311346/tools/bin/../lib/gcc/arm-none-eabi/9.3.1/thumb/v7e-m+fp/hard/crtbegin.o

.preinit_array  0x0000000008007568        0x0
                0x0000000008007568                . = ALIGN (0x4)
                0x0000000008007568                PROVIDE (__preinit_array_start = .)
 *(.preinit_array*)
                0x0000000008007568                PROVIDE (__preinit_array_end = .)
                0x0000000008007568                . = ALIGN (0x4)

.init_array     0x0000000008007568        0x4
                0x0000000008007568                . = ALIGN (0x4)
                0x0000000008007568                PROVIDE (__init_array_start = .)
 *(SORT_BY_NAME(.init_array.*))
 *(.init_array*)
 .init_array    0x0000000008007568        0x4 /Applications/STM32CubeIDE.app/Contents/Eclipse/plugins/com.st.stm32cube.ide.mcu.externaltools.gnu-tools-for-stm32.9-2020-q2-update.macos64_2.0.0.202105311346/tools/bin/../lib/gcc/arm-none-eabi/9.3.1/thumb/v7e-m+fp/hard/crtbegin.o
                0x000000000800756c                PROVIDE (__init_array_end = .)
                0x000000000800756c                . = ALIGN (0x4)

.fini_array     0x000000000800756c        0x4
                0x000000000800756c                . = ALIGN (0x4)
                [!provide]                        PROVIDE (__fini_array_start = .)
 *(SORT_BY_NAME(.fini_array.*))
 *(.fini_array*)
 .fini_array    0x000000000800756c        0x4 /Applications/STM32CubeIDE.app/Contents/Eclipse/plugins/com.st.stm32cube.ide.mcu.externaltools.gnu-tools-for-stm32.9-2020-q2-update.macos64_2.0.0.202105311346/tools/bin/../lib/gcc/arm-none-eabi/9.3.1/thumb/v7e-m+fp/hard/crtbegin.o
                [!provide]                        PROVIDE (__fini_array_end = .)
                0x0000000008007570                . = ALIGN (0x4)
                0x0000000008007570                _sidata = LOADADDR (.data)

.data           0x0000000020000000      0x668 load address 0x0000000008007570
                0x0000000020000000                . = ALIGN (0x4)
                0x0000000020000000                _sdata = .
 *(.data)
 *(.data*)
 .data.FIRCoeffs
                0x0000000020000000      0x5f4 ./Core/Src/main.o
 .data.SystemCoreClock
                0x00000000200005f4        0x4 ./Core/Src/system_stm32f4xx.o
                0x00000000200005f4                SystemCoreClock
 .data.uwTickPrio
                0x00000000200005f8        0x4 ./Drivers/STM32F4xx_HAL_Driver/Src/stm32f4xx_hal.o
                0x00000000200005f8                uwTickPrio
 .data.uwTickFreq
                0x00000000200005fc        0x1 ./Drivers/STM32F4xx_HAL_Driver/Src/stm32f4xx_hal.o
                0x00000000200005fc                uwTickFreq
 *fill*         0x00000000200005fd        0x3 
 .data.uxCriticalNesting
                0x0000000020000600        0x4 ./Middlewares/Third_Party/FreeRTOS/Source/portable/GCC/ARM_CM4F/port.o
 .data._impure_ptr
                0x0000000020000604        0x4 /Applications/STM32CubeIDE.app/Contents/Eclipse/plugins/com.st.stm32cube.ide.mcu.externaltools.gnu-tools-for-stm32.9-2020-q2-update.macos64_2.0.0.202105311346/tools/bin/../lib/gcc/arm-none-eabi/9.3.1/../../../../arm-none-eabi/lib/thumb/v7e-m+fp/hard/libc_nano.a(lib_a-impure.o)
                0x0000000020000604                _impure_ptr
 .data.impure_data
                0x0000000020000608       0x60 /Applications/STM32CubeIDE.app/Contents/Eclipse/plugins/com.st.stm32cube.ide.mcu.externaltools.gnu-tools-for-stm32.9-2020-q2-update.macos64_2.0.0.202105311346/tools/bin/../lib/gcc/arm-none-eabi/9.3.1/../../../../arm-none-eabi/lib/thumb/v7e-m+fp/hard/libc_nano.a(lib_a-impure.o)
 *(.RamFunc)
 *(.RamFunc*)
                0x0000000020000668                . = ALIGN (0x4)
                0x0000000020000668                _edata = .
                0x0000000008007bd8                _siccmram = LOADADDR (.ccmram)

.igot.plt       0x0000000020000668        0x0 load address 0x0000000008007bd8
 .igot.plt      0x0000000020000668        0x0 /Applications/STM32CubeIDE.app/Contents/Eclipse/plugins/com.st.stm32cube.ide.mcu.externaltools.gnu-tools-for-stm32.9-2020-q2-update.macos64_2.0.0.202105311346/tools/bin/../lib/gcc/arm-none-eabi/9.3.1/thumb/v7e-m+fp/hard/crtbegin.o

.ccmram         0x0000000010000000        0x0 load address 0x0000000008007bd8
                0x0000000010000000                . = ALIGN (0x4)
                0x0000000010000000                _sccmram = .
 *(.ccmram)
 *(.ccmram*)
                0x0000000010000000                . = ALIGN (0x4)
                0x0000000010000000                _eccmram = .
                0x0000000010000000                . = ALIGN (0x4)

.bss            0x0000000020000668     0x6c6c
                0x0000000020000668                _sbss = .
                0x0000000020000668                __bss_start__ = _sbss
 *(.bss)
 .bss           0x0000000020000668       0x1c /Applications/STM32CubeIDE.app/Contents/Eclipse/plugins/com.st.stm32cube.ide.mcu.externaltools.gnu-tools-for-stm32.9-2020-q2-update.macos64_2.0.0.202105311346/tools/bin/../lib/gcc/arm-none-eabi/9.3.1/thumb/v7e-m+fp/hard/crtbegin.o
 *(.bss*)
 .bss.xIdleTaskTCBBuffer
                0x0000000020000684       0xb4 ./Core/Src/freertos.o
 .bss.xIdleStack
                0x0000000020000738      0x200 ./Core/Src/freertos.o
 .bss.ADC_60_90
                0x0000000020000938        0x1 ./Core/Src/main.o
                0x0000000020000938                ADC_60_90
 *fill*         0x0000000020000939        0x3 
 .bss.FIRStateF32
                0x000000002000093c     0x15f0 ./Core/Src/main.o
 .bss.pxCurrentTCB
                0x0000000020001f2c        0x4 ./Middlewares/Third_Party/FreeRTOS/Source/tasks.o
                0x0000000020001f2c                pxCurrentTCB
 .bss.pxReadyTasksLists
                0x0000000020001f30       0x8c ./Middlewares/Third_Party/FreeRTOS/Source/tasks.o
 .bss.xDelayedTaskList1
                0x0000000020001fbc       0x14 ./Middlewares/Third_Party/FreeRTOS/Source/tasks.o
 .bss.xDelayedTaskList2
                0x0000000020001fd0       0x14 ./Middlewares/Third_Party/FreeRTOS/Source/tasks.o
 .bss.pxDelayedTaskList
                0x0000000020001fe4        0x4 ./Middlewares/Third_Party/FreeRTOS/Source/tasks.o
 .bss.pxOverflowDelayedTaskList
                0x0000000020001fe8        0x4 ./Middlewares/Third_Party/FreeRTOS/Source/tasks.o
 .bss.xPendingReadyList
                0x0000000020001fec       0x14 ./Middlewares/Third_Party/FreeRTOS/Source/tasks.o
 .bss.xTasksWaitingTermination
                0x0000000020002000       0x14 ./Middlewares/Third_Party/FreeRTOS/Source/tasks.o
 .bss.uxDeletedTasksWaitingCleanUp
                0x0000000020002014        0x4 ./Middlewares/Third_Party/FreeRTOS/Source/tasks.o
 .bss.xSuspendedTaskList
                0x0000000020002018       0x14 ./Middlewares/Third_Party/FreeRTOS/Source/tasks.o
 .bss.uxCurrentNumberOfTasks
                0x000000002000202c        0x4 ./Middlewares/Third_Party/FreeRTOS/Source/tasks.o
 .bss.xTickCount
                0x0000000020002030        0x4 ./Middlewares/Third_Party/FreeRTOS/Source/tasks.o
 .bss.uxTopReadyPriority
                0x0000000020002034        0x4 ./Middlewares/Third_Party/FreeRTOS/Source/tasks.o
 .bss.xSchedulerRunning
                0x0000000020002038        0x4 ./Middlewares/Third_Party/FreeRTOS/Source/tasks.o
 .bss.xPendedTicks
                0x000000002000203c        0x4 ./Middlewares/Third_Party/FreeRTOS/Source/tasks.o
 .bss.xYieldPending
                0x0000000020002040        0x4 ./Middlewares/Third_Party/FreeRTOS/Source/tasks.o
 .bss.xNumOfOverflows
                0x0000000020002044        0x4 ./Middlewares/Third_Party/FreeRTOS/Source/tasks.o
 .bss.uxTaskNumber
                0x0000000020002048        0x4 ./Middlewares/Third_Party/FreeRTOS/Source/tasks.o
 .bss.xNextTaskUnblockTime
                0x000000002000204c        0x4 ./Middlewares/Third_Party/FreeRTOS/Source/tasks.o
 .bss.xIdleTaskHandle
                0x0000000020002050        0x4 ./Middlewares/Third_Party/FreeRTOS/Source/tasks.o
 .bss.uxSchedulerSuspended
                0x0000000020002054        0x4 ./Middlewares/Third_Party/FreeRTOS/Source/tasks.o
 .bss.ucMaxSysCallPriority
                0x0000000020002058        0x1 ./Middlewares/Third_Party/FreeRTOS/Source/portable/GCC/ARM_CM4F/port.o
 *fill*         0x0000000020002059        0x3 
 .bss.ulMaxPRIGROUPValue
                0x000000002000205c        0x4 ./Middlewares/Third_Party/FreeRTOS/Source/portable/GCC/ARM_CM4F/port.o
 .bss.ucHeap    0x0000000020002060     0x3c00 ./Middlewares/Third_Party/FreeRTOS/Source/portable/MemMang/heap_4.o
 .bss.xStart    0x0000000020005c60        0x8 ./Middlewares/Third_Party/FreeRTOS/Source/portable/MemMang/heap_4.o
 .bss.pxEnd     0x0000000020005c68        0x4 ./Middlewares/Third_Party/FreeRTOS/Source/portable/MemMang/heap_4.o
 .bss.xFreeBytesRemaining
                0x0000000020005c6c        0x4 ./Middlewares/Third_Party/FreeRTOS/Source/portable/MemMang/heap_4.o
 .bss.xMinimumEverFreeBytesRemaining
                0x0000000020005c70        0x4 ./Middlewares/Third_Party/FreeRTOS/Source/portable/MemMang/heap_4.o
 .bss.xNumberOfSuccessfulAllocations
                0x0000000020005c74        0x4 ./Middlewares/Third_Party/FreeRTOS/Source/portable/MemMang/heap_4.o
 .bss.xNumberOfSuccessfulFrees
                0x0000000020005c78        0x4 ./Middlewares/Third_Party/FreeRTOS/Source/portable/MemMang/heap_4.o
 .bss.xBlockAllocatedBit
                0x0000000020005c7c        0x4 ./Middlewares/Third_Party/FreeRTOS/Source/portable/MemMang/heap_4.o
 .bss.__malloc_free_list
                0x0000000020005c80        0x4 /Applications/STM32CubeIDE.app/Contents/Eclipse/plugins/com.st.stm32cube.ide.mcu.externaltools.gnu-tools-for-stm32.9-2020-q2-update.macos64_2.0.0.202105311346/tools/bin/../lib/gcc/arm-none-eabi/9.3.1/../../../../arm-none-eabi/lib/thumb/v7e-m+fp/hard/libc_nano.a(lib_a-nano-mallocr.o)
                0x0000000020005c80                __malloc_free_list
 *(COMMON)
 COMMON         0x0000000020005c84     0x1640 ./Core/Src/main.o
                0x0000000020005c84                defaultTaskHandle
                0x0000000020005c88                outputF32
                0x0000000020005c8c                huart3
                0x0000000020005cd0                hpcd_USB_OTG_FS
                0x00000000200060d8                xSemaphore
                0x00000000200060dc                ADC_StarterHandle
                0x00000000200060e0                hdma_adc3
                0x0000000020006140                S
                0x000000002000614c                UART_RX_BUFFER
                0x000000002000624c                inputF32
                0x0000000020006250                hadc3
                0x0000000020006298                UART_ReadHandle
                0x000000002000629c                Messages_RX_UART
                0x00000000200062a0                ADC3ConvertedBuffer
                0x0000000020006aa0                hrtc
                0x0000000020006ac0                Send_DataHandle
                0x0000000020006ac4                ADC3ConvertedBuffer_Filtered
 COMMON         0x00000000200072c4        0x4 ./Drivers/STM32F4xx_HAL_Driver/Src/stm32f4xx_hal.o
                0x00000000200072c4                uwTick
 COMMON         0x00000000200072c8        0x9 /Applications/STM32CubeIDE.app/Contents/Eclipse/plugins/com.st.stm32cube.ide.mcu.externaltools.gnu-tools-for-stm32.9-2020-q2-update.macos64_2.0.0.202105311346/tools/bin/../lib/gcc/arm-none-eabi/9.3.1/../../../../arm-none-eabi/lib/thumb/v7e-m+fp/hard/libc_nano.a(lib_a-lock.o)
                0x00000000200072c8                __lock___atexit_recursive_mutex
                0x00000000200072c9                __lock___arc4random_mutex
                0x00000000200072ca                __lock___env_recursive_mutex
                0x00000000200072cb                __lock___sinit_recursive_mutex
                0x00000000200072cc                __lock___malloc_recursive_mutex
                0x00000000200072cd                __lock___at_quick_exit_mutex
                0x00000000200072ce                __lock___dd_hash_mutex
                0x00000000200072cf                __lock___tz_mutex
                0x00000000200072d0                __lock___sfp_recursive_mutex
                0x00000000200072d4                . = ALIGN (0x4)
 *fill*         0x00000000200072d1        0x3 
                0x00000000200072d4                _ebss = .
                0x00000000200072d4                __bss_end__ = _ebss

._user_heap_stack
                0x00000000200072d4      0x604
                0x00000000200072d8                . = ALIGN (0x8)
 *fill*         0x00000000200072d4        0x4 
                [!provide]                        PROVIDE (end = .)
                0x00000000200072d8                PROVIDE (_end = .)
                0x00000000200074d8                . = (. + _Min_Heap_Size)
 *fill*         0x00000000200072d8      0x200 
                0x00000000200078d8                . = (. + _Min_Stack_Size)
 *fill*         0x00000000200074d8      0x400 
                0x00000000200078d8                . = ALIGN (0x8)

/DISCARD/
 libc.a(*)
 libm.a(*)
 libgcc.a(*)

.ARM.attributes
                0x0000000000000000       0x30
 *(.ARM.attributes)
 .ARM.attributes
                0x0000000000000000       0x1e /Applications/STM32CubeIDE.app/Contents/Eclipse/plugins/com.st.stm32cube.ide.mcu.externaltools.gnu-tools-for-stm32.9-2020-q2-update.macos64_2.0.0.202105311346/tools/bin/../lib/gcc/arm-none-eabi/9.3.1/thumb/v7e-m+fp/hard/crti.o
 .ARM.attributes
                0x000000000000001e       0x34 /Applications/STM32CubeIDE.app/Contents/Eclipse/plugins/com.st.stm32cube.ide.mcu.externaltools.gnu-tools-for-stm32.9-2020-q2-update.macos64_2.0.0.202105311346/tools/bin/../lib/gcc/arm-none-eabi/9.3.1/thumb/v7e-m+fp/hard/crtbegin.o
 .ARM.attributes
                0x0000000000000052       0x34 ./Core/Src/freertos.o
 .ARM.attributes
                0x0000000000000086       0x34 ./Core/Src/main.o
 .ARM.attributes
                0x00000000000000ba       0x34 ./Core/Src/stm32f4xx_hal_msp.o
 .ARM.attributes
                0x00000000000000ee       0x34 ./Core/Src/stm32f4xx_it.o
 .ARM.attributes
                0x0000000000000122       0x34 ./Core/Src/system_stm32f4xx.o
 .ARM.attributes
                0x0000000000000156       0x21 ./Core/Startup/startup_stm32f439zitx.o
 .ARM.attributes
                0x0000000000000177       0x34 ./Drivers/STM32F4xx_HAL_Driver/Src/stm32f4xx_hal.o
 .ARM.attributes
                0x00000000000001ab       0x34 ./Drivers/STM32F4xx_HAL_Driver/Src/stm32f4xx_hal_adc.o
 .ARM.attributes
                0x00000000000001df       0x34 ./Drivers/STM32F4xx_HAL_Driver/Src/stm32f4xx_hal_cortex.o
 .ARM.attributes
                0x0000000000000213       0x34 ./Drivers/STM32F4xx_HAL_Driver/Src/stm32f4xx_hal_dma.o
 .ARM.attributes
                0x0000000000000247       0x34 ./Drivers/STM32F4xx_HAL_Driver/Src/stm32f4xx_hal_gpio.o
 .ARM.attributes
                0x000000000000027b       0x34 ./Drivers/STM32F4xx_HAL_Driver/Src/stm32f4xx_hal_pcd.o
 .ARM.attributes
                0x00000000000002af       0x34 ./Drivers/STM32F4xx_HAL_Driver/Src/stm32f4xx_hal_rcc.o
 .ARM.attributes
                0x00000000000002e3       0x34 ./Drivers/STM32F4xx_HAL_Driver/Src/stm32f4xx_hal_rcc_ex.o
 .ARM.attributes
                0x0000000000000317       0x34 ./Drivers/STM32F4xx_HAL_Driver/Src/stm32f4xx_hal_rtc.o
 .ARM.attributes
                0x000000000000034b       0x34 ./Drivers/STM32F4xx_HAL_Driver/Src/stm32f4xx_hal_uart.o
 .ARM.attributes
                0x000000000000037f       0x34 ./Drivers/STM32F4xx_HAL_Driver/Src/stm32f4xx_ll_usb.o
 .ARM.attributes
                0x00000000000003b3       0x34 ./Middlewares/Third_Party/FreeRTOS/Source/CMSIS_RTOS/cmsis_os.o
 .ARM.attributes
                0x00000000000003e7       0x34 ./Middlewares/Third_Party/FreeRTOS/Source/list.o
 .ARM.attributes
                0x000000000000041b       0x34 ./Middlewares/Third_Party/FreeRTOS/Source/queue.o
 .ARM.attributes
                0x000000000000044f       0x34 ./Middlewares/Third_Party/FreeRTOS/Source/tasks.o
 .ARM.attributes
                0x0000000000000483       0x34 ./Middlewares/Third_Party/FreeRTOS/Source/portable/GCC/ARM_CM4F/port.o
 .ARM.attributes
                0x00000000000004b7       0x34 ./Middlewares/Third_Party/FreeRTOS/Source/portable/MemMang/heap_4.o
 .ARM.attributes
                0x00000000000004eb       0x34 /Users/vitorsaraiva/Desktop/LASET/More_Tests/More_Tests_v5/Middlewares/ST/ARM/DSP/Lib/libarm_cortexM4lf_math.a(arm_fir_init_f32.o)
 .ARM.attributes
                0x000000000000051f       0x34 /Users/vitorsaraiva/Desktop/LASET/More_Tests/More_Tests_v5/Middlewares/ST/ARM/DSP/Lib/libarm_cortexM4lf_math.a(arm_fir_f32.o)
 .ARM.attributes
                0x0000000000000553       0x34 /Applications/STM32CubeIDE.app/Contents/Eclipse/plugins/com.st.stm32cube.ide.mcu.externaltools.gnu-tools-for-stm32.9-2020-q2-update.macos64_2.0.0.202105311346/tools/bin/../lib/gcc/arm-none-eabi/9.3.1/../../../../arm-none-eabi/lib/thumb/v7e-m+fp/hard/libc_nano.a(lib_a-findfp.o)
 .ARM.attributes
                0x0000000000000587       0x32 /Applications/STM32CubeIDE.app/Contents/Eclipse/plugins/com.st.stm32cube.ide.mcu.externaltools.gnu-tools-for-stm32.9-2020-q2-update.macos64_2.0.0.202105311346/tools/bin/../lib/gcc/arm-none-eabi/9.3.1/../../../../arm-none-eabi/lib/thumb/v7e-m+fp/hard/libc_nano.a(lib_a-impure.o)
 .ARM.attributes
                0x00000000000005b9       0x34 /Applications/STM32CubeIDE.app/Contents/Eclipse/plugins/com.st.stm32cube.ide.mcu.externaltools.gnu-tools-for-stm32.9-2020-q2-update.macos64_2.0.0.202105311346/tools/bin/../lib/gcc/arm-none-eabi/9.3.1/../../../../arm-none-eabi/lib/thumb/v7e-m+fp/hard/libc_nano.a(lib_a-init.o)
 .ARM.attributes
                0x00000000000005ed       0x34 /Applications/STM32CubeIDE.app/Contents/Eclipse/plugins/com.st.stm32cube.ide.mcu.externaltools.gnu-tools-for-stm32.9-2020-q2-update.macos64_2.0.0.202105311346/tools/bin/../lib/gcc/arm-none-eabi/9.3.1/../../../../arm-none-eabi/lib/thumb/v7e-m+fp/hard/libc_nano.a(lib_a-lock.o)
 .ARM.attributes
                0x0000000000000621       0x34 /Applications/STM32CubeIDE.app/Contents/Eclipse/plugins/com.st.stm32cube.ide.mcu.externaltools.gnu-tools-for-stm32.9-2020-q2-update.macos64_2.0.0.202105311346/tools/bin/../lib/gcc/arm-none-eabi/9.3.1/../../../../arm-none-eabi/lib/thumb/v7e-m+fp/hard/libc_nano.a(lib_a-memcpy-stub.o)
 .ARM.attributes
                0x0000000000000655       0x34 /Applications/STM32CubeIDE.app/Contents/Eclipse/plugins/com.st.stm32cube.ide.mcu.externaltools.gnu-tools-for-stm32.9-2020-q2-update.macos64_2.0.0.202105311346/tools/bin/../lib/gcc/arm-none-eabi/9.3.1/../../../../arm-none-eabi/lib/thumb/v7e-m+fp/hard/libc_nano.a(lib_a-memset.o)
 .ARM.attributes
                0x0000000000000689       0x34 /Applications/STM32CubeIDE.app/Contents/Eclipse/plugins/com.st.stm32cube.ide.mcu.externaltools.gnu-tools-for-stm32.9-2020-q2-update.macos64_2.0.0.202105311346/tools/bin/../lib/gcc/arm-none-eabi/9.3.1/../../../../arm-none-eabi/lib/thumb/v7e-m+fp/hard/libc_nano.a(lib_a-nano-mallocr.o)
 .ARM.attributes
                0x00000000000006bd       0x34 /Applications/STM32CubeIDE.app/Contents/Eclipse/plugins/com.st.stm32cube.ide.mcu.externaltools.gnu-tools-for-stm32.9-2020-q2-update.macos64_2.0.0.202105311346/tools/bin/../lib/gcc/arm-none-eabi/9.3.1/../../../../arm-none-eabi/lib/thumb/v7e-m+fp/hard/libc_nano.a(lib_a-reent.o)
 .ARM.attributes
                0x00000000000006f1       0x34 /Applications/STM32CubeIDE.app/Contents/Eclipse/plugins/com.st.stm32cube.ide.mcu.externaltools.gnu-tools-for-stm32.9-2020-q2-update.macos64_2.0.0.202105311346/tools/bin/../lib/gcc/arm-none-eabi/9.3.1/../../../../arm-none-eabi/lib/thumb/v7e-m+fp/hard/libc_nano.a(lib_a-mlock.o)
 .ARM.attributes
                0x0000000000000725       0x34 /Applications/STM32CubeIDE.app/Contents/Eclipse/plugins/com.st.stm32cube.ide.mcu.externaltools.gnu-tools-for-stm32.9-2020-q2-update.macos64_2.0.0.202105311346/tools/bin/../lib/gcc/arm-none-eabi/9.3.1/../../../../arm-none-eabi/lib/thumb/v7e-m+fp/hard/libc_nano.a(lib_a-nano-freer.o)
 .ARM.attributes
                0x0000000000000759       0x1e /Applications/STM32CubeIDE.app/Contents/Eclipse/plugins/com.st.stm32cube.ide.mcu.externaltools.gnu-tools-for-stm32.9-2020-q2-update.macos64_2.0.0.202105311346/tools/bin/../lib/gcc/arm-none-eabi/9.3.1/thumb/v7e-m+fp/hard/libgcc.a(_aeabi_uldivmod.o)
 .ARM.attributes
                0x0000000000000777       0x34 /Applications/STM32CubeIDE.app/Contents/Eclipse/plugins/com.st.stm32cube.ide.mcu.externaltools.gnu-tools-for-stm32.9-2020-q2-update.macos64_2.0.0.202105311346/tools/bin/../lib/gcc/arm-none-eabi/9.3.1/thumb/v7e-m+fp/hard/libgcc.a(_udivmoddi4.o)
 .ARM.attributes
                0x00000000000007ab       0x1e /Applications/STM32CubeIDE.app/Contents/Eclipse/plugins/com.st.stm32cube.ide.mcu.externaltools.gnu-tools-for-stm32.9-2020-q2-update.macos64_2.0.0.202105311346/tools/bin/../lib/gcc/arm-none-eabi/9.3.1/thumb/v7e-m+fp/hard/libgcc.a(_dvmd_tls.o)
 .ARM.attributes
                0x00000000000007c9       0x1e /Applications/STM32CubeIDE.app/Contents/Eclipse/plugins/com.st.stm32cube.ide.mcu.externaltools.gnu-tools-for-stm32.9-2020-q2-update.macos64_2.0.0.202105311346/tools/bin/../lib/gcc/arm-none-eabi/9.3.1/thumb/v7e-m+fp/hard/crtn.o
OUTPUT(More_Tests_v5.elf elf32-littlearm)
LOAD linker stubs
LOAD /Applications/STM32CubeIDE.app/Contents/Eclipse/plugins/com.st.stm32cube.ide.mcu.externaltools.gnu-tools-for-stm32.9-2020-q2-update.macos64_2.0.0.202105311346/tools/bin/../lib/gcc/arm-none-eabi/9.3.1/../../../../arm-none-eabi/lib/thumb/v7e-m+fp/hard/libc.a
LOAD /Applications/STM32CubeIDE.app/Contents/Eclipse/plugins/com.st.stm32cube.ide.mcu.externaltools.gnu-tools-for-stm32.9-2020-q2-update.macos64_2.0.0.202105311346/tools/bin/../lib/gcc/arm-none-eabi/9.3.1/../../../../arm-none-eabi/lib/thumb/v7e-m+fp/hard/libm.a
LOAD /Applications/STM32CubeIDE.app/Contents/Eclipse/plugins/com.st.stm32cube.ide.mcu.externaltools.gnu-tools-for-stm32.9-2020-q2-update.macos64_2.0.0.202105311346/tools/bin/../lib/gcc/arm-none-eabi/9.3.1/thumb/v7e-m+fp/hard/libgcc.a

.debug_info     0x0000000000000000    0x1c1a4
 .debug_info    0x0000000000000000      0xc14 ./Core/Src/freertos.o
 .debug_info    0x0000000000000c14     0x29fc ./Core/Src/main.o
 .debug_info    0x0000000000003610     0x1931 ./Core/Src/stm32f4xx_hal_msp.o
 .debug_info    0x0000000000004f41     0x105e ./Core/Src/stm32f4xx_it.o
 .debug_info    0x0000000000005f9f      0x5c0 ./Core/Src/system_stm32f4xx.o
 .debug_info    0x000000000000655f       0x22 ./Core/Startup/startup_stm32f439zitx.o
 .debug_info    0x0000000000006581      0xa30 ./Drivers/STM32F4xx_HAL_Driver/Src/stm32f4xx_hal.o
 .debug_info    0x0000000000006fb1      0xdbc ./Drivers/STM32F4xx_HAL_Driver/Src/stm32f4xx_hal_adc.o
 .debug_info    0x0000000000007d6d      0xf13 ./Drivers/STM32F4xx_HAL_Driver/Src/stm32f4xx_hal_cortex.o
 .debug_info    0x0000000000008c80      0x9f1 ./Drivers/STM32F4xx_HAL_Driver/Src/stm32f4xx_hal_dma.o
 .debug_info    0x0000000000009671      0x85a ./Drivers/STM32F4xx_HAL_Driver/Src/stm32f4xx_hal_gpio.o
 .debug_info    0x0000000000009ecb     0x12dd ./Drivers/STM32F4xx_HAL_Driver/Src/stm32f4xx_hal_pcd.o
 .debug_info    0x000000000000b1a8      0x9b2 ./Drivers/STM32F4xx_HAL_Driver/Src/stm32f4xx_hal_rcc.o
 .debug_info    0x000000000000bb5a      0x723 ./Drivers/STM32F4xx_HAL_Driver/Src/stm32f4xx_hal_rcc_ex.o
 .debug_info    0x000000000000c27d      0xd41 ./Drivers/STM32F4xx_HAL_Driver/Src/stm32f4xx_hal_rtc.o
 .debug_info    0x000000000000cfbe     0x31de ./Drivers/STM32F4xx_HAL_Driver/Src/stm32f4xx_hal_uart.o
 .debug_info    0x000000000001019c     0x1ab4 ./Drivers/STM32F4xx_HAL_Driver/Src/stm32f4xx_ll_usb.o
 .debug_info    0x0000000000011c50     0x2048 ./Middlewares/Third_Party/FreeRTOS/Source/CMSIS_RTOS/cmsis_os.o
 .debug_info    0x0000000000013c98      0xb82 ./Middlewares/Third_Party/FreeRTOS/Source/list.o
 .debug_info    0x000000000001481a     0x1ffc ./Middlewares/Third_Party/FreeRTOS/Source/queue.o
 .debug_info    0x0000000000016816     0x2591 ./Middlewares/Third_Party/FreeRTOS/Source/tasks.o
 .debug_info    0x0000000000018da7      0xd8a ./Middlewares/Third_Party/FreeRTOS/Source/portable/GCC/ARM_CM4F/port.o
 .debug_info    0x0000000000019b31      0xd8a ./Middlewares/Third_Party/FreeRTOS/Source/portable/MemMang/heap_4.o
 .debug_info    0x000000000001a8bb      0xb82 /Users/vitorsaraiva/Desktop/LASET/More_Tests/More_Tests_v5/Middlewares/ST/ARM/DSP/Lib/libarm_cortexM4lf_math.a(arm_fir_init_f32.o)
 .debug_info    0x000000000001b43d      0xd67 /Users/vitorsaraiva/Desktop/LASET/More_Tests/More_Tests_v5/Middlewares/ST/ARM/DSP/Lib/libarm_cortexM4lf_math.a(arm_fir_f32.o)

.debug_abbrev   0x0000000000000000     0x3b97
 .debug_abbrev  0x0000000000000000      0x1db ./Core/Src/freertos.o
 .debug_abbrev  0x00000000000001db      0x37d ./Core/Src/main.o
 .debug_abbrev  0x0000000000000558      0x24f ./Core/Src/stm32f4xx_hal_msp.o
 .debug_abbrev  0x00000000000007a7      0x1e0 ./Core/Src/stm32f4xx_it.o
 .debug_abbrev  0x0000000000000987      0x145 ./Core/Src/system_stm32f4xx.o
 .debug_abbrev  0x0000000000000acc       0x12 ./Core/Startup/startup_stm32f439zitx.o
 .debug_abbrev  0x0000000000000ade      0x1ed ./Drivers/STM32F4xx_HAL_Driver/Src/stm32f4xx_hal.o
 .debug_abbrev  0x0000000000000ccb      0x22f ./Drivers/STM32F4xx_HAL_Driver/Src/stm32f4xx_hal_adc.o
 .debug_abbrev  0x0000000000000efa      0x33c ./Drivers/STM32F4xx_HAL_Driver/Src/stm32f4xx_hal_cortex.o
 .debug_abbrev  0x0000000000001236      0x259 ./Drivers/STM32F4xx_HAL_Driver/Src/stm32f4xx_hal_dma.o
 .debug_abbrev  0x000000000000148f      0x1f1 ./Drivers/STM32F4xx_HAL_Driver/Src/stm32f4xx_hal_gpio.o
 .debug_abbrev  0x0000000000001680      0x2a0 ./Drivers/STM32F4xx_HAL_Driver/Src/stm32f4xx_hal_pcd.o
 .debug_abbrev  0x0000000000001920      0x275 ./Drivers/STM32F4xx_HAL_Driver/Src/stm32f4xx_hal_rcc.o
 .debug_abbrev  0x0000000000001b95      0x18f ./Drivers/STM32F4xx_HAL_Driver/Src/stm32f4xx_hal_rcc_ex.o
 .debug_abbrev  0x0000000000001d24      0x1e4 ./Drivers/STM32F4xx_HAL_Driver/Src/stm32f4xx_hal_rtc.o
 .debug_abbrev  0x0000000000001f08      0x2eb ./Drivers/STM32F4xx_HAL_Driver/Src/stm32f4xx_hal_uart.o
 .debug_abbrev  0x00000000000021f3      0x2a7 ./Drivers/STM32F4xx_HAL_Driver/Src/stm32f4xx_ll_usb.o
 .debug_abbrev  0x000000000000249a      0x3c2 ./Middlewares/Third_Party/FreeRTOS/Source/CMSIS_RTOS/cmsis_os.o
 .debug_abbrev  0x000000000000285c      0x1f7 ./Middlewares/Third_Party/FreeRTOS/Source/list.o
 .debug_abbrev  0x0000000000002a53      0x380 ./Middlewares/Third_Party/FreeRTOS/Source/queue.o
 .debug_abbrev  0x0000000000002dd3      0x380 ./Middlewares/Third_Party/FreeRTOS/Source/tasks.o
 .debug_abbrev  0x0000000000003153      0x335 ./Middlewares/Third_Party/FreeRTOS/Source/portable/GCC/ARM_CM4F/port.o
 .debug_abbrev  0x0000000000003488      0x2d3 ./Middlewares/Third_Party/FreeRTOS/Source/portable/MemMang/heap_4.o
 .debug_abbrev  0x000000000000375b      0x227 /Users/vitorsaraiva/Desktop/LASET/More_Tests/More_Tests_v5/Middlewares/ST/ARM/DSP/Lib/libarm_cortexM4lf_math.a(arm_fir_init_f32.o)
 .debug_abbrev  0x0000000000003982      0x215 /Users/vitorsaraiva/Desktop/LASET/More_Tests/More_Tests_v5/Middlewares/ST/ARM/DSP/Lib/libarm_cortexM4lf_math.a(arm_fir_f32.o)

.debug_aranges  0x0000000000000000     0x1238
 .debug_aranges
                0x0000000000000000       0x20 ./Core/Src/freertos.o
 .debug_aranges
                0x0000000000000020       0xa0 ./Core/Src/main.o
 .debug_aranges
                0x00000000000000c0       0x60 ./Core/Src/stm32f4xx_hal_msp.o
 .debug_aranges
                0x0000000000000120       0x60 ./Core/Src/stm32f4xx_it.o
 .debug_aranges
                0x0000000000000180       0x28 ./Core/Src/system_stm32f4xx.o
 .debug_aranges
                0x00000000000001a8       0x28 ./Core/Startup/startup_stm32f439zitx.o
 .debug_aranges
                0x00000000000001d0      0x100 ./Drivers/STM32F4xx_HAL_Driver/Src/stm32f4xx_hal.o
 .debug_aranges
                0x00000000000002d0       0xe8 ./Drivers/STM32F4xx_HAL_Driver/Src/stm32f4xx_hal_adc.o
 .debug_aranges
                0x00000000000003b8      0x118 ./Drivers/STM32F4xx_HAL_Driver/Src/stm32f4xx_hal_cortex.o
 .debug_aranges
                0x00000000000004d0       0x90 ./Drivers/STM32F4xx_HAL_Driver/Src/stm32f4xx_hal_dma.o
 .debug_aranges
                0x0000000000000560       0x58 ./Drivers/STM32F4xx_HAL_Driver/Src/stm32f4xx_hal_gpio.o
 .debug_aranges
                0x00000000000005b8      0x138 ./Drivers/STM32F4xx_HAL_Driver/Src/stm32f4xx_hal_pcd.o
 .debug_aranges
                0x00000000000006f0       0x88 ./Drivers/STM32F4xx_HAL_Driver/Src/stm32f4xx_hal_rcc.o
 .debug_aranges
                0x0000000000000778       0x58 ./Drivers/STM32F4xx_HAL_Driver/Src/stm32f4xx_hal_rcc_ex.o
 .debug_aranges
                0x00000000000007d0       0xe0 ./Drivers/STM32F4xx_HAL_Driver/Src/stm32f4xx_hal_rtc.o
 .debug_aranges
                0x00000000000008b0      0x200 ./Drivers/STM32F4xx_HAL_Driver/Src/stm32f4xx_hal_uart.o
 .debug_aranges
                0x0000000000000ab0      0x198 ./Drivers/STM32F4xx_HAL_Driver/Src/stm32f4xx_ll_usb.o
 .debug_aranges
                0x0000000000000c48      0x1d8 ./Middlewares/Third_Party/FreeRTOS/Source/CMSIS_RTOS/cmsis_os.o
 .debug_aranges
                0x0000000000000e20       0x40 ./Middlewares/Third_Party/FreeRTOS/Source/list.o
 .debug_aranges
                0x0000000000000e60      0x108 ./Middlewares/Third_Party/FreeRTOS/Source/queue.o
 .debug_aranges
                0x0000000000000f68      0x1b8 ./Middlewares/Third_Party/FreeRTOS/Source/tasks.o
 .debug_aranges
                0x0000000000001120       0x80 ./Middlewares/Third_Party/FreeRTOS/Source/portable/GCC/ARM_CM4F/port.o
 .debug_aranges
                0x00000000000011a0       0x58 ./Middlewares/Third_Party/FreeRTOS/Source/portable/MemMang/heap_4.o
 .debug_aranges
                0x00000000000011f8       0x20 /Users/vitorsaraiva/Desktop/LASET/More_Tests/More_Tests_v5/Middlewares/ST/ARM/DSP/Lib/libarm_cortexM4lf_math.a(arm_fir_init_f32.o)
 .debug_aranges
                0x0000000000001218       0x20 /Users/vitorsaraiva/Desktop/LASET/More_Tests/More_Tests_v5/Middlewares/ST/ARM/DSP/Lib/libarm_cortexM4lf_math.a(arm_fir_f32.o)

.debug_ranges   0x0000000000000000     0x10e0
 .debug_ranges  0x0000000000000000       0x10 ./Core/Src/freertos.o
 .debug_ranges  0x0000000000000010       0x90 ./Core/Src/main.o
 .debug_ranges  0x00000000000000a0       0x50 ./Core/Src/stm32f4xx_hal_msp.o
 .debug_ranges  0x00000000000000f0       0x50 ./Core/Src/stm32f4xx_it.o
 .debug_ranges  0x0000000000000140       0x18 ./Core/Src/system_stm32f4xx.o
 .debug_ranges  0x0000000000000158       0x20 ./Core/Startup/startup_stm32f439zitx.o
 .debug_ranges  0x0000000000000178       0xf0 ./Drivers/STM32F4xx_HAL_Driver/Src/stm32f4xx_hal.o
 .debug_ranges  0x0000000000000268       0xd8 ./Drivers/STM32F4xx_HAL_Driver/Src/stm32f4xx_hal_adc.o
 .debug_ranges  0x0000000000000340      0x108 ./Drivers/STM32F4xx_HAL_Driver/Src/stm32f4xx_hal_cortex.o
 .debug_ranges  0x0000000000000448       0x80 ./Drivers/STM32F4xx_HAL_Driver/Src/stm32f4xx_hal_dma.o
 .debug_ranges  0x00000000000004c8       0x48 ./Drivers/STM32F4xx_HAL_Driver/Src/stm32f4xx_hal_gpio.o
 .debug_ranges  0x0000000000000510      0x128 ./Drivers/STM32F4xx_HAL_Driver/Src/stm32f4xx_hal_pcd.o
 .debug_ranges  0x0000000000000638       0x78 ./Drivers/STM32F4xx_HAL_Driver/Src/stm32f4xx_hal_rcc.o
 .debug_ranges  0x00000000000006b0       0x48 ./Drivers/STM32F4xx_HAL_Driver/Src/stm32f4xx_hal_rcc_ex.o
 .debug_ranges  0x00000000000006f8       0xd0 ./Drivers/STM32F4xx_HAL_Driver/Src/stm32f4xx_hal_rtc.o
 .debug_ranges  0x00000000000007c8      0x220 ./Drivers/STM32F4xx_HAL_Driver/Src/stm32f4xx_hal_uart.o
 .debug_ranges  0x00000000000009e8      0x188 ./Drivers/STM32F4xx_HAL_Driver/Src/stm32f4xx_ll_usb.o
 .debug_ranges  0x0000000000000b70      0x1c8 ./Middlewares/Third_Party/FreeRTOS/Source/CMSIS_RTOS/cmsis_os.o
 .debug_ranges  0x0000000000000d38       0x30 ./Middlewares/Third_Party/FreeRTOS/Source/list.o
 .debug_ranges  0x0000000000000d68       0xf8 ./Middlewares/Third_Party/FreeRTOS/Source/queue.o
 .debug_ranges  0x0000000000000e60      0x1a8 ./Middlewares/Third_Party/FreeRTOS/Source/tasks.o
 .debug_ranges  0x0000000000001008       0x70 ./Middlewares/Third_Party/FreeRTOS/Source/portable/GCC/ARM_CM4F/port.o
 .debug_ranges  0x0000000000001078       0x48 ./Middlewares/Third_Party/FreeRTOS/Source/portable/MemMang/heap_4.o
 .debug_ranges  0x00000000000010c0       0x10 /Users/vitorsaraiva/Desktop/LASET/More_Tests/More_Tests_v5/Middlewares/ST/ARM/DSP/Lib/libarm_cortexM4lf_math.a(arm_fir_init_f32.o)
 .debug_ranges  0x00000000000010d0       0x10 /Users/vitorsaraiva/Desktop/LASET/More_Tests/More_Tests_v5/Middlewares/ST/ARM/DSP/Lib/libarm_cortexM4lf_math.a(arm_fir_f32.o)

.debug_macro    0x0000000000000000    0x27c62
 .debug_macro   0x0000000000000000      0x333 ./Core/Src/freertos.o
 .debug_macro   0x0000000000000333      0xaae ./Core/Src/freertos.o
 .debug_macro   0x0000000000000de1      0x174 ./Core/Src/freertos.o
 .debug_macro   0x0000000000000f55       0x22 ./Core/Src/freertos.o
 .debug_macro   0x0000000000000f77       0x8e ./Core/Src/freertos.o
 .debug_macro   0x0000000000001005       0x51 ./Core/Src/freertos.o
 .debug_macro   0x0000000000001056      0x103 ./Core/Src/freertos.o
 .debug_macro   0x0000000000001159       0x6a ./Core/Src/freertos.o
 .debug_macro   0x00000000000011c3      0x1df ./Core/Src/freertos.o
 .debug_macro   0x00000000000013a2       0xea ./Core/Src/freertos.o
 .debug_macro   0x000000000000148c      0x15a ./Core/Src/freertos.o
 .debug_macro   0x00000000000015e6       0xde ./Core/Src/freertos.o
 .debug_macro   0x00000000000016c4       0x1c ./Core/Src/freertos.o
 .debug_macro   0x00000000000016e0       0x26 ./Core/Src/freertos.o
 .debug_macro   0x0000000000001706       0x52 ./Core/Src/freertos.o
 .debug_macro   0x0000000000001758       0x18 ./Core/Src/freertos.o
 .debug_macro   0x0000000000001770       0x3c ./Core/Src/freertos.o
 .debug_macro   0x00000000000017ac       0x34 ./Core/Src/freertos.o
 .debug_macro   0x00000000000017e0       0x16 ./Core/Src/freertos.o
 .debug_macro   0x00000000000017f6       0x43 ./Core/Src/freertos.o
 .debug_macro   0x0000000000001839       0x34 ./Core/Src/freertos.o
 .debug_macro   0x000000000000186d       0x10 ./Core/Src/freertos.o
 .debug_macro   0x000000000000187d       0x58 ./Core/Src/freertos.o
 .debug_macro   0x00000000000018d5       0x71 ./Core/Src/freertos.o
 .debug_macro   0x0000000000001946       0x1c ./Core/Src/freertos.o
 .debug_macro   0x0000000000001962      0x12a ./Core/Src/freertos.o
 .debug_macro   0x0000000000001a8c       0x10 ./Core/Src/freertos.o
 .debug_macro   0x0000000000001a9c       0x35 ./Core/Src/freertos.o
 .debug_macro   0x0000000000001ad1      0x4fe ./Core/Src/freertos.o
 .debug_macro   0x0000000000001fcf       0xb5 ./Core/Src/freertos.o
 .debug_macro   0x0000000000002084       0xaa ./Core/Src/freertos.o
 .debug_macro   0x000000000000212e      0x2a7 ./Core/Src/freertos.o
 .debug_macro   0x00000000000023d5       0x2e ./Core/Src/freertos.o
 .debug_macro   0x0000000000002403       0x28 ./Core/Src/freertos.o
 .debug_macro   0x000000000000242b       0x1c ./Core/Src/freertos.o
 .debug_macro   0x0000000000002447       0x22 ./Core/Src/freertos.o
 .debug_macro   0x0000000000002469       0xdf ./Core/Src/freertos.o
 .debug_macro   0x0000000000002548     0x102d ./Core/Src/freertos.o
 .debug_macro   0x0000000000003575      0x11f ./Core/Src/freertos.o
 .debug_macro   0x0000000000003694    0x185db ./Core/Src/freertos.o
 .debug_macro   0x000000000001bc6f       0x6d ./Core/Src/freertos.o
 .debug_macro   0x000000000001bcdc     0x36dd ./Core/Src/freertos.o
 .debug_macro   0x000000000001f3b9       0x5c ./Core/Src/freertos.o
 .debug_macro   0x000000000001f415      0xd15 ./Core/Src/freertos.o
 .debug_macro   0x000000000002012a      0x9fe ./Core/Src/freertos.o
 .debug_macro   0x0000000000020b28      0x116 ./Core/Src/freertos.o
 .debug_macro   0x0000000000020c3e      0x157 ./Core/Src/freertos.o
 .debug_macro   0x0000000000020d95       0xa5 ./Core/Src/freertos.o
 .debug_macro   0x0000000000020e3a      0x182 ./Core/Src/freertos.o
 .debug_macro   0x0000000000020fbc      0x287 ./Core/Src/freertos.o
 .debug_macro   0x0000000000021243       0x5f ./Core/Src/freertos.o
 .debug_macro   0x00000000000212a2      0x236 ./Core/Src/freertos.o
 .debug_macro   0x00000000000214d8      0xb54 ./Core/Src/freertos.o
 .debug_macro   0x000000000002202c      0x38b ./Core/Src/freertos.o
 .debug_macro   0x00000000000223b7      0x184 ./Core/Src/freertos.o
 .debug_macro   0x000000000002253b       0xf9 ./Core/Src/freertos.o
 .debug_macro   0x0000000000022634      0x132 ./Core/Src/freertos.o
 .debug_macro   0x0000000000022766      0x41d ./Core/Src/freertos.o
 .debug_macro   0x0000000000022b83       0x2e ./Core/Src/freertos.o
 .debug_macro   0x0000000000022bb1      0x11a ./Core/Src/freertos.o
 .debug_macro   0x0000000000022ccb       0xe2 ./Core/Src/freertos.o
 .debug_macro   0x0000000000022dad       0x89 ./Core/Src/freertos.o
 .debug_macro   0x0000000000022e36      0x31a ./Core/Src/freertos.o
 .debug_macro   0x0000000000023150      0x405 ./Core/Src/freertos.o
 .debug_macro   0x0000000000023555       0xe4 ./Core/Src/freertos.o
 .debug_macro   0x0000000000023639      0x295 ./Core/Src/freertos.o
 .debug_macro   0x00000000000238ce      0x21e ./Core/Src/freertos.o
 .debug_macro   0x0000000000023aec       0xba ./Core/Src/freertos.o
 .debug_macro   0x0000000000023ba6      0x134 ./Core/Src/freertos.o
 .debug_macro   0x0000000000023cda      0x13c ./Core/Src/freertos.o
 .debug_macro   0x0000000000023e16      0x4b9 ./Core/Src/main.o
 .debug_macro   0x00000000000242cf       0xea ./Core/Src/main.o
 .debug_macro   0x00000000000243b9       0x91 ./Core/Src/main.o
 .debug_macro   0x000000000002444a       0x8d ./Core/Src/main.o
 .debug_macro   0x00000000000244d7       0x7e ./Core/Src/main.o
 .debug_macro   0x0000000000024555       0x19 ./Core/Src/main.o
 .debug_macro   0x000000000002456e       0xf2 ./Core/Src/main.o
 .debug_macro   0x0000000000024660       0x22 ./Core/Src/main.o
 .debug_macro   0x0000000000024682      0x333 ./Core/Src/main.o
 .debug_macro   0x00000000000249b5       0x10 ./Core/Src/main.o
 .debug_macro   0x00000000000249c5       0x10 ./Core/Src/main.o
 .debug_macro   0x00000000000249d5       0x10 ./Core/Src/main.o
 .debug_macro   0x00000000000249e5       0x10 ./Core/Src/main.o
 .debug_macro   0x00000000000249f5       0x1c ./Core/Src/main.o
 .debug_macro   0x0000000000024a11       0x52 ./Core/Src/main.o
 .debug_macro   0x0000000000024a63       0x22 ./Core/Src/main.o
 .debug_macro   0x0000000000024a85       0x10 ./Core/Src/main.o
 .debug_macro   0x0000000000024a95       0x40 ./Core/Src/main.o
 .debug_macro   0x0000000000024ad5       0xd5 ./Core/Src/main.o
 .debug_macro   0x0000000000024baa       0x1c ./Core/Src/main.o
 .debug_macro   0x0000000000024bc6       0x3d ./Core/Src/main.o
 .debug_macro   0x0000000000024c03       0x35 ./Core/Src/main.o
 .debug_macro   0x0000000000024c38      0x1a9 ./Core/Src/main.o
 .debug_macro   0x0000000000024de1       0x12 ./Core/Src/main.o
 .debug_macro   0x0000000000024df3       0x12 ./Core/Src/main.o
 .debug_macro   0x0000000000024e05       0x16 ./Core/Src/main.o
 .debug_macro   0x0000000000024e1b       0x20 ./Core/Src/main.o
 .debug_macro   0x0000000000024e3b       0xd6 ./Core/Src/main.o
 .debug_macro   0x0000000000024f11      0x22e ./Core/Src/stm32f4xx_hal_msp.o
 .debug_macro   0x000000000002513f      0x33d ./Core/Src/stm32f4xx_it.o
 .debug_macro   0x000000000002547c      0x21f ./Core/Src/system_stm32f4xx.o
 .debug_macro   0x000000000002569b      0x27f ./Drivers/STM32F4xx_HAL_Driver/Src/stm32f4xx_hal.o
 .debug_macro   0x000000000002591a      0x220 ./Drivers/STM32F4xx_HAL_Driver/Src/stm32f4xx_hal_adc.o
 .debug_macro   0x0000000000025b3a      0x21f ./Drivers/STM32F4xx_HAL_Driver/Src/stm32f4xx_hal_cortex.o
 .debug_macro   0x0000000000025d59      0x225 ./Drivers/STM32F4xx_HAL_Driver/Src/stm32f4xx_hal_dma.o
 .debug_macro   0x0000000000025f7e      0x225 ./Drivers/STM32F4xx_HAL_Driver/Src/stm32f4xx_hal_gpio.o
 .debug_macro   0x00000000000261a3      0x22b ./Drivers/STM32F4xx_HAL_Driver/Src/stm32f4xx_hal_pcd.o
 .debug_macro   0x00000000000263ce      0x243 ./Drivers/STM32F4xx_HAL_Driver/Src/stm32f4xx_hal_rcc.o
 .debug_macro   0x0000000000026611      0x21f ./Drivers/STM32F4xx_HAL_Driver/Src/stm32f4xx_hal_rcc_ex.o
 .debug_macro   0x0000000000026830      0x220 ./Drivers/STM32F4xx_HAL_Driver/Src/stm32f4xx_hal_rtc.o
 .debug_macro   0x0000000000026a50      0x220 ./Drivers/STM32F4xx_HAL_Driver/Src/stm32f4xx_hal_uart.o
 .debug_macro   0x0000000000026c70      0x21f ./Drivers/STM32F4xx_HAL_Driver/Src/stm32f4xx_ll_usb.o
 .debug_macro   0x0000000000026e8f      0x210 ./Middlewares/Third_Party/FreeRTOS/Source/CMSIS_RTOS/cmsis_os.o
 .debug_macro   0x000000000002709f       0x10 ./Middlewares/Third_Party/FreeRTOS/Source/CMSIS_RTOS/cmsis_os.o
 .debug_macro   0x00000000000270af       0x16 ./Middlewares/Third_Party/FreeRTOS/Source/CMSIS_RTOS/cmsis_os.o
 .debug_macro   0x00000000000270c5       0xc7 ./Middlewares/Third_Party/FreeRTOS/Source/CMSIS_RTOS/cmsis_os.o
 .debug_macro   0x000000000002718c      0x199 ./Middlewares/Third_Party/FreeRTOS/Source/list.o
 .debug_macro   0x0000000000027325      0x228 ./Middlewares/Third_Party/FreeRTOS/Source/queue.o
 .debug_macro   0x000000000002754d       0x87 ./Middlewares/Third_Party/FreeRTOS/Source/queue.o